TLC2 Version 2.19 of 08 August 2024 (rev: 5a47802)
Running breadth-first search Model-Checking with fp 1 and seed 3708184891228662714 with 16 workers on 16 cores with 5461MB heap and 64MB offheap memory [pid: 26592] (Windows 11 10.0 amd64, Eclipse Adoptium 21.0.12.1 x86_64, MSBDiskFPSet, DiskStateQueue).
Parsing file <repo>\formal\MC_Semgate.tla
Parsing file <repo>\formal\Semgate.tla
Parsing file C:\WINDOWS\TEMP\Naturals.tla
Parsing file C:\WINDOWS\TEMP\Sequences.tla
Parsing file C:\WINDOWS\TEMP\FiniteSets.tla
Parsing file C:\WINDOWS\TEMP\TLC.tla
Semantic processing of module Naturals
Semantic processing of module Sequences
Semantic processing of module FiniteSets
Semantic processing of module TLC
Semantic processing of module Semgate
Semantic processing of module MC_Semgate
Starting... (2026-09-23 14:56:52)
Implied-temporal checking--satisfiability problem has 1 branches.
Computing initial states...
Finished computing initial states: 1 distinct state generated at 2026-09-23 14:56:52.
Checking temporal properties for the current state space with 15797 total distinct states at (2026-09-23 14:56:56)
Finished checking temporal properties in 00s at 2026-09-23 14:56:56
Progress(20) at 2026-09-23 14:56:56: 44,138 states generated (44,138 s/min), 21,518 distinct states found (21,518 ds/min), 5,693 states left on queue.
Checking temporal properties for the current state space with 67987 total distinct states at (2026-09-23 14:57:57)
Finished checking temporal properties in 03s at 2026-09-23 14:58:00
Progress(25) at 2026-09-23 14:58:00: 174,867 states generated (130,729 s/min), 82,234 distinct states found (60,716 ds/min), 14,137 states left on queue.
Checking temporal properties for the current state space with 109343 total distinct states at (2026-09-23 14:59:00)
Finished checking temporal properties in 05s at 2026-09-23 14:59:05
Progress(28) at 2026-09-23 14:59:05: 268,808 states generated (93,941 s/min), 124,380 distinct states found (42,146 ds/min), 14,931 states left on queue.
Checking temporal properties for the current state space with 151058 total distinct states at (2026-09-23 15:00:06)
Finished checking temporal properties in 06s at 2026-09-23 15:00:12
Progress(31) at 2026-09-23 15:00:12: 353,776 states generated (84,968 s/min), 162,167 distinct states found (37,787 ds/min), 11,028 states left on queue.
Progress(31) at 2026-09-23 15:00:49: 421,353 states generated, 191,059 distinct states found, 0 states left on queue.
Checking temporal properties for the complete state space with 191059 total distinct states at (2026-09-23 15:00:49)
Finished checking temporal properties in 08s at 2026-09-23 15:00:57
Model checking completed. No error has been found.
  Estimates of the probability that TLC did not check all reachable states
  because two distinct states had the same fingerprint:
  calculated (optimistic):  val = 2.4E-9
  based on the actual fingerprints:  val = 5.6E-10
421353 states generated, 191059 distinct states found, 0 states left on queue.
The depth of the complete state graph search is 31.
The average outdegree of the complete state graph is 1 (minimum is 0, the maximum 7 and the 95th percentile is 3).
Finished in 04min 05s at (2026-09-23 15:00:58)
