TLC2 Version 2.19 of 08 August 2024 (rev: 5a47802)
Running breadth-first search Model-Checking with fp 96 and seed 5688285259473228459 with 16 workers on 16 cores with 5461MB heap and 64MB offheap memory [pid: 31244] (Windows 11 10.0 amd64, Eclipse Adoptium 21.0.12.1 x86_64, MSBDiskFPSet, DiskStateQueue).
Parsing file <repo>\formal\MC_Semgate.tla
Parsing file <repo>\formal\Semgate.tla
Parsing file C:\WINDOWS\TEMP\Naturals.tla
Parsing file C:\WINDOWS\TEMP\Sequences.tla
Parsing file C:\WINDOWS\TEMP\FiniteSets.tla
Parsing file C:\WINDOWS\TEMP\TLC.tla
Semantic processing of module Naturals
Semantic processing of module Sequences
Semantic processing of module FiniteSets
Semantic processing of module TLC
Semantic processing of module Semgate
Semantic processing of module MC_Semgate
Starting... (2026-09-23 14:14:18)
Computing initial states...
Finished computing initial states: 1 distinct state generated at 2026-09-23 14:14:18.
Progress(20) at 2026-09-23 14:14:21: 560,202 states generated (560,202 s/min), 252,763 distinct states found (252,763 ds/min), 90,413 states left on queue.
Progress(31) at 2026-09-23 14:15:21: 13,980,579 states generated (13,420,377 s/min), 6,363,892 distinct states found (6,111,129 ds/min), 1,103,960 states left on queue.
Progress(35) at 2026-09-23 14:16:21: 25,998,627 states generated (12,018,048 s/min), 12,122,153 distinct states found (5,758,261 ds/min), 1,265,782 states left on queue.
Progress(41) at 2026-09-23 14:17:21: 36,887,525 states generated (10,888,898 s/min), 17,653,416 distinct states found (5,531,263 ds/min), 738,084 states left on queue.
Model checking completed. No error has been found.
  Estimates of the probability that TLC did not check all reachable states
  because two distinct states had the same fingerprint:
  calculated (optimistic):  val = 2.3E-5
  based on the actual fingerprints:  val = 1.1E-4
41614461 states generated, 20265783 distinct states found, 0 states left on queue.
The depth of the complete state graph search is 45.
The average outdegree of the complete state graph is 1 (minimum is 0, the maximum 7 and the 95th percentile is 2).
Finished in 03min 33s at (2026-09-23 14:17:51)
