TLC2 Version 2.19 of 08 August 2024 (rev: 5a47802)
Running breadth-first search Model-Checking with fp 77 and seed -2158522591283857233 with 16 workers on 16 cores with 5461MB heap and 64MB offheap memory [pid: 3936] (Windows 11 10.0 amd64, Eclipse Adoptium 21.0.12.1 x86_64, MSBDiskFPSet, DiskStateQueue).
Parsing file <repo>\formal\MC_Semgate.tla
Parsing file <repo>\formal\Semgate.tla
Parsing file C:\WINDOWS\TEMP\Naturals.tla
Parsing file C:\WINDOWS\TEMP\Sequences.tla
Parsing file C:\WINDOWS\TEMP\FiniteSets.tla
Parsing file C:\WINDOWS\TEMP\TLC.tla
Semantic processing of module Naturals
Semantic processing of module Sequences
Semantic processing of module FiniteSets
Semantic processing of module TLC
Semantic processing of module Semgate
Semantic processing of module MC_Semgate
Starting... (2026-09-23 15:01:11)
Implied-temporal checking--satisfiability problem has 1 branches.
Computing initial states...
Finished computing initial states: 1 distinct state generated at 2026-09-23 15:01:11.
Checking temporal properties for the current state space with 3474 total distinct states at (2026-09-23 15:01:14)
Finished checking temporal properties in 00s at 2026-09-23 15:01:14
Progress(29) at 2026-09-23 15:01:14: 6,722 states generated (6,722 s/min), 3,914 distinct states found (3,914 ds/min), 438 states left on queue.
Progress(31) at 2026-09-23 15:01:16: 11,562 states generated, 6,725 distinct states found, 0 states left on queue.
Checking temporal properties for the complete state space with 6725 total distinct states at (2026-09-23 15:01:16)
Finished checking temporal properties in 00s at 2026-09-23 15:01:16
Model checking completed. No error has been found.
  Estimates of the probability that TLC did not check all reachable states
  because two distinct states had the same fingerprint:
  calculated (optimistic):  val = 1.8E-12
11562 states generated, 6725 distinct states found, 0 states left on queue.
The depth of the complete state graph search is 31.
The average outdegree of the complete state graph is 1 (minimum is 0, the maximum 5 and the 95th percentile is 3).
Finished in 06s at (2026-09-23 15:01:16)
