TLC2 Version 2.19 of 08 August 2024 (rev: 5a47802)
Running breadth-first search Model-Checking with fp 105 and seed 5183753033540251844 with 16 workers on 16 cores with 5461MB heap and 64MB offheap memory [pid: 27076] (Windows 11 10.0 amd64, Eclipse Adoptium 21.0.12.1 x86_64, MSBDiskFPSet, DiskStateQueue).
Parsing file <repo>\formal\MC_Semgate.tla
Parsing file <repo>\formal\Semgate.tla
Parsing file C:\WINDOWS\TEMP\Naturals.tla
Parsing file C:\WINDOWS\TEMP\Sequences.tla
Parsing file C:\WINDOWS\TEMP\FiniteSets.tla
Parsing file C:\WINDOWS\TEMP\TLC.tla
Semantic processing of module Naturals
Semantic processing of module Sequences
Semantic processing of module FiniteSets
Semantic processing of module TLC
Semantic processing of module Semgate
Semantic processing of module MC_Semgate
Starting... (2026-09-23 14:56:30)
Implied-temporal checking--satisfiability problem has 1 branches.
Computing initial states...
Finished computing initial states: 1 distinct state generated at 2026-09-23 14:56:30.
Checking temporal properties for the current state space with 8298 total distinct states at (2026-09-23 14:56:33)
Finished checking temporal properties in 00s at 2026-09-23 14:56:34
Progress(22) at 2026-09-23 14:56:34: 20,701 states generated (20,701 s/min), 10,603 distinct states found (10,603 ds/min), 2,305 states left on queue.
Progress(31) at 2026-09-23 14:56:49: 84,530 states generated, 44,019 distinct states found, 0 states left on queue.
Checking temporal properties for the complete state space with 44019 total distinct states at (2026-09-23 14:56:49)
Finished checking temporal properties in 00s at 2026-09-23 14:56:49
Model checking completed. No error has been found.
  Estimates of the probability that TLC did not check all reachable states
  because two distinct states had the same fingerprint:
  calculated (optimistic):  val = 9.7E-11
84530 states generated, 44019 distinct states found, 0 states left on queue.
The depth of the complete state graph search is 31.
The average outdegree of the complete state graph is 1 (minimum is 0, the maximum 5 and the 95th percentile is 3).
Finished in 19s at (2026-09-23 14:56:49)
