TLC2 Version 2.19 of 08 August 2024 (rev: 5a47802)
Running breadth-first search Model-Checking with fp 60 and seed 8022270884911989098 with 16 workers on 16 cores with 5461MB heap and 64MB offheap memory [pid: 29252] (Windows 11 10.0 amd64, Eclipse Adoptium 21.0.12.1 x86_64, MSBDiskFPSet, DiskStateQueue).
Parsing file <repo>\formal\MC_SemgateF6.tla
Parsing file <repo>\formal\SemgateF6.tla
Parsing file C:\WINDOWS\TEMP\Naturals.tla
Parsing file C:\WINDOWS\TEMP\Sequences.tla
Parsing file C:\WINDOWS\TEMP\FiniteSets.tla
Parsing file C:\WINDOWS\TEMP\TLC.tla
Semantic processing of module Naturals
Semantic processing of module Sequences
Semantic processing of module FiniteSets
Semantic processing of module TLC
Semantic processing of module SemgateF6
Semantic processing of module MC_SemgateF6
Starting... (2026-09-23 15:02:07)
Implied-temporal checking--satisfiability problem has 1 branches.
Computing initial states...
Finished computing initial states: 1 distinct state generated at 2026-09-23 15:02:07.
Progress(15) at 2026-09-23 15:02:08: 8,401 states generated, 3,160 distinct states found, 0 states left on queue.
Checking temporal properties for the complete state space with 3160 total distinct states at (2026-09-23 15:02:08)
Finished checking temporal properties in 00s at 2026-09-23 15:02:08
Model checking completed. No error has been found.
  Estimates of the probability that TLC did not check all reachable states
  because two distinct states had the same fingerprint:
  calculated (optimistic):  val = 9.0E-13
8401 states generated, 3160 distinct states found, 0 states left on queue.
The depth of the complete state graph search is 15.
The average outdegree of the complete state graph is 1 (minimum is 0, the maximum 6 and the 95th percentile is 3).
Finished in 01s at (2026-09-23 15:02:08)
