TLC2 Version 2.19 of 08 August 2024 (rev: 5a47802)
Running breadth-first search Model-Checking with fp 48 and seed 9058089652492477331 with 16 workers on 16 cores with 5461MB heap and 64MB offheap memory [pid: 23976] (Windows 11 10.0 amd64, Eclipse Adoptium 21.0.12.1 x86_64, MSBDiskFPSet, DiskStateQueue).
Parsing file <repo>\formal\MC_SemgateF6.tla
Parsing file <repo>\formal\SemgateF6.tla
Parsing file C:\WINDOWS\TEMP\Naturals.tla
Parsing file C:\WINDOWS\TEMP\Sequences.tla
Parsing file C:\WINDOWS\TEMP\FiniteSets.tla
Parsing file C:\WINDOWS\TEMP\TLC.tla
Semantic processing of module Naturals
Semantic processing of module Sequences
Semantic processing of module FiniteSets
Semantic processing of module TLC
Semantic processing of module SemgateF6
Semantic processing of module MC_SemgateF6
Starting... (2026-09-23 15:02:01)
Implied-temporal checking--satisfiability problem has 1 branches.
Computing initial states...
Finished computing initial states: 1 distinct state generated at 2026-09-23 15:02:02.
Progress(19) at 2026-09-23 15:02:02: 18,592 states generated, 6,759 distinct states found, 0 states left on queue.
Checking temporal properties for the complete state space with 6759 total distinct states at (2026-09-23 15:02:02)
Error: Temporal properties were violated.

Error: The following behavior constitutes a counter-example:

State 1: <Initial predicate>
/\ agentOk = FALSE
/\ agentWrote = {}
/\ delig = FALSE
/\ eOk = FALSE
/\ content = [x |-> "none", y |-> "none"]
/\ tmp = ( <<"s1", "h1">> :> "absent" @@
  <<"s1", "h2">> :> "absent" @@
  <<"s2", "h1">> :> "absent" @@
  <<"s2", "h2">> :> "absent" )
/\ snap = ( <<"s1", "h1">> :> "absent" @@
  <<"s1", "h2">> :> "absent" @@
  <<"s2", "h1">> :> "absent" @@
  <<"s2", "h2">> :> "absent" )
/\ dpc = "idle"
/\ userEdited = FALSE
/\ snapW = ( <<"s1", "h1">> :> {} @@
  <<"s1", "h2">> :> {} @@
  <<"s2", "h1">> :> {} @@
  <<"s2", "h2">> :> {} )
/\ dsess = "none"
/\ cleaned = FALSE
/\ rmRan = FALSE
/\ rmOk = TRUE
/\ tmpOpen = ( <<"s1", "h1">> :> {} @@
  <<"s1", "h2">> :> {} @@
  <<"s2", "h1">> :> {} @@
  <<"s2", "h2">> :> {} )
/\ hsh = [a1 |-> "h1", a2 |-> "h1"]
/\ existed = [a1 |-> FALSE, a2 |-> FALSE]
/\ apc = [a1 |-> "pre", a2 |-> "pre"]
/\ created = <<>>

State 2: <Decide line 151, col 5 to line 158, col 129 of module SemgateF6>
/\ agentOk = FALSE
/\ agentWrote = {}
/\ delig = FALSE
/\ eOk = FALSE
/\ content = [x |-> "none", y |-> "none"]
/\ tmp = ( <<"s1", "h1">> :> "absent" @@
  <<"s1", "h2">> :> "absent" @@
  <<"s2", "h1">> :> "absent" @@
  <<"s2", "h2">> :> "absent" )
/\ snap = ( <<"s1", "h1">> :> "absent" @@
  <<"s1", "h2">> :> "absent" @@
  <<"s2", "h1">> :> "absent" @@
  <<"s2", "h2">> :> "absent" )
/\ dpc = "decided"
/\ userEdited = FALSE
/\ snapW = ( <<"s1", "h1">> :> {} @@
  <<"s1", "h2">> :> {} @@
  <<"s2", "h1">> :> {} @@
  <<"s2", "h2">> :> {} )
/\ dsess = "s1"
/\ cleaned = FALSE
/\ rmRan = FALSE
/\ rmOk = TRUE
/\ tmpOpen = ( <<"s1", "h1">> :> {} @@
  <<"s1", "h2">> :> {} @@
  <<"s2", "h1">> :> {} @@
  <<"s2", "h2">> :> {} )
/\ hsh = [a1 |-> "h1", a2 |-> "h1"]
/\ existed = [a1 |-> FALSE, a2 |-> FALSE]
/\ apc = [a1 |-> "pre", a2 |-> "pre"]
/\ created = <<>>

State 3: <AgentAct line 183, col 16 to line 183, col 110 of module SemgateF6>
/\ agentOk = FALSE
/\ agentWrote = {}
/\ delig = FALSE
/\ eOk = FALSE
/\ content = [x |-> "none", y |-> "none"]
/\ tmp = ( <<"s1", "h1">> :> "absent" @@
  <<"s1", "h2">> :> "absent" @@
  <<"s2", "h1">> :> "absent" @@
  <<"s2", "h2">> :> "absent" )
/\ snap = ( <<"s1", "h1">> :> "absent" @@
  <<"s1", "h2">> :> "absent" @@
  <<"s2", "h1">> :> "absent" @@
  <<"s2", "h2">> :> "absent" )
/\ dpc = "decided"
/\ userEdited = FALSE
/\ snapW = ( <<"s1", "h1">> :> {} @@
  <<"s1", "h2">> :> {} @@
  <<"s2", "h1">> :> {} @@
  <<"s2", "h2">> :> {} )
/\ dsess = "s1"
/\ cleaned = FALSE
/\ rmRan = FALSE
/\ rmOk = TRUE
/\ tmpOpen = ( <<"s1", "h1">> :> {} @@
  <<"s1", "h2">> :> {} @@
  <<"s2", "h1">> :> {} @@
  <<"s2", "h2">> :> {} )
/\ hsh = [a1 |-> "h1", a2 |-> "h1"]
/\ existed = [a1 |-> FALSE, a2 |-> FALSE]
/\ apc = [a1 |-> "run", a2 |-> "pre"]
/\ created = <<>>

State 4: <AgentAct line 183, col 16 to line 183, col 110 of module SemgateF6>
/\ agentOk = FALSE
/\ agentWrote = {<<"x", "h1">>}
/\ delig = FALSE
/\ eOk = FALSE
/\ content = [x |-> "h1", y |-> "none"]
/\ tmp = ( <<"s1", "h1">> :> "absent" @@
  <<"s1", "h2">> :> "absent" @@
  <<"s2", "h1">> :> "absent" @@
  <<"s2", "h2">> :> "absent" )
/\ snap = ( <<"s1", "h1">> :> "absent" @@
  <<"s1", "h2">> :> "absent" @@
  <<"s2", "h1">> :> "absent" @@
  <<"s2", "h2">> :> "absent" )
/\ dpc = "decided"
/\ userEdited = FALSE
/\ snapW = ( <<"s1", "h1">> :> {} @@
  <<"s1", "h2">> :> {} @@
  <<"s2", "h1">> :> {} @@
  <<"s2", "h2">> :> {} )
/\ dsess = "s1"
/\ cleaned = FALSE
/\ rmRan = FALSE
/\ rmOk = TRUE
/\ tmpOpen = ( <<"s1", "h1">> :> {} @@
  <<"s1", "h2">> :> {} @@
  <<"s2", "h1">> :> {} @@
  <<"s2", "h2">> :> {} )
/\ hsh = [a1 |-> "h1", a2 |-> "h1"]
/\ existed = [a1 |-> FALSE, a2 |-> FALSE]
/\ apc = [a1 |-> "post", a2 |-> "pre"]
/\ created = <<>>

State 5: <AgentAct line 183, col 16 to line 183, col 110 of module SemgateF6>
/\ agentOk = FALSE
/\ agentWrote = {<<"x", "h1">>}
/\ delig = FALSE
/\ eOk = FALSE
/\ content = [x |-> "h1", y |-> "none"]
/\ tmp = ( <<"s1", "h1">> :> "absent" @@
  <<"s1", "h2">> :> "absent" @@
  <<"s2", "h1">> :> "absent" @@
  <<"s2", "h2">> :> "absent" )
/\ snap = ( <<"s1", "h1">> :> "absent" @@
  <<"s1", "h2">> :> "absent" @@
  <<"s2", "h1">> :> "absent" @@
  <<"s2", "h2">> :> "absent" )
/\ dpc = "decided"
/\ userEdited = FALSE
/\ snapW = ( <<"s1", "h1">> :> {} @@
  <<"s1", "h2">> :> {} @@
  <<"s2", "h1">> :> {} @@
  <<"s2", "h2">> :> {} )
/\ dsess = "s1"
/\ cleaned = FALSE
/\ rmRan = FALSE
/\ rmOk = TRUE
/\ tmpOpen = ( <<"s1", "h1">> :> {} @@
  <<"s1", "h2">> :> {} @@
  <<"s2", "h1">> :> {} @@
  <<"s2", "h2">> :> {} )
/\ hsh = [a1 |-> "h1", a2 |-> "h1"]
/\ existed = [a1 |-> FALSE, a2 |-> FALSE]
/\ apc = [a1 |-> "post", a2 |-> "run"]
/\ created = <<>>

State 6: <AgentAct line 183, col 16 to line 183, col 110 of module SemgateF6>
/\ agentOk = FALSE
/\ agentWrote = {<<"x", "h1">>, <<"y", "h1">>}
/\ delig = FALSE
/\ eOk = FALSE
/\ content = [x |-> "h1", y |-> "h1"]
/\ tmp = ( <<"s1", "h1">> :> "absent" @@
  <<"s1", "h2">> :> "absent" @@
  <<"s2", "h1">> :> "absent" @@
  <<"s2", "h2">> :> "absent" )
/\ snap = ( <<"s1", "h1">> :> "absent" @@
  <<"s1", "h2">> :> "absent" @@
  <<"s2", "h1">> :> "absent" @@
  <<"s2", "h2">> :> "absent" )
/\ dpc = "decided"
/\ userEdited = FALSE
/\ snapW = ( <<"s1", "h1">> :> {} @@
  <<"s1", "h2">> :> {} @@
  <<"s2", "h1">> :> {} @@
  <<"s2", "h2">> :> {} )
/\ dsess = "s1"
/\ cleaned = FALSE
/\ rmRan = FALSE
/\ rmOk = TRUE
/\ tmpOpen = ( <<"s1", "h1">> :> {} @@
  <<"s1", "h2">> :> {} @@
  <<"s2", "h1">> :> {} @@
  <<"s2", "h2">> :> {} )
/\ hsh = [a1 |-> "h1", a2 |-> "h1"]
/\ existed = [a1 |-> FALSE, a2 |-> FALSE]
/\ apc = [a1 |-> "post", a2 |-> "post"]
/\ created = <<>>

State 7: <UserEdit line 172, col 5 to line 175, col 141 of module SemgateF6>
/\ agentOk = FALSE
/\ agentWrote = {<<"x", "h1">>, <<"y", "h1">>}
/\ delig = FALSE
/\ eOk = FALSE
/\ content = [x |-> "h2", y |-> "h1"]
/\ tmp = ( <<"s1", "h1">> :> "absent" @@
  <<"s1", "h2">> :> "absent" @@
  <<"s2", "h1">> :> "absent" @@
  <<"s2", "h2">> :> "absent" )
/\ snap = ( <<"s1", "h1">> :> "absent" @@
  <<"s1", "h2">> :> "absent" @@
  <<"s2", "h1">> :> "absent" @@
  <<"s2", "h2">> :> "absent" )
/\ dpc = "decided"
/\ userEdited = TRUE
/\ snapW = ( <<"s1", "h1">> :> {} @@
  <<"s1", "h2">> :> {} @@
  <<"s2", "h1">> :> {} @@
  <<"s2", "h2">> :> {} )
/\ dsess = "s1"
/\ cleaned = FALSE
/\ rmRan = FALSE
/\ rmOk = TRUE
/\ tmpOpen = ( <<"s1", "h1">> :> {} @@
  <<"s1", "h2">> :> {} @@
  <<"s2", "h1">> :> {} @@
  <<"s2", "h2">> :> {} )
/\ hsh = [a1 |-> "h1", a2 |-> "h1"]
/\ existed = [a1 |-> FALSE, a2 |-> FALSE]
/\ apc = [a1 |-> "post", a2 |-> "post"]
/\ created = <<>>

State 8: <UserClean line 178, col 5 to line 181, col 147 of module SemgateF6>
/\ agentOk = FALSE
/\ agentWrote = {<<"x", "h1">>, <<"y", "h1">>}
/\ delig = FALSE
/\ eOk = FALSE
/\ content = [x |-> "h2", y |-> "h1"]
/\ tmp = ( <<"s1", "h1">> :> "absent" @@
  <<"s1", "h2">> :> "absent" @@
  <<"s2", "h1">> :> "absent" @@
  <<"s2", "h2">> :> "absent" )
/\ snap = ( <<"s1", "h1">> :> "absent" @@
  <<"s1", "h2">> :> "absent" @@
  <<"s2", "h1">> :> "absent" @@
  <<"s2", "h2">> :> "absent" )
/\ dpc = "decided"
/\ userEdited = TRUE
/\ snapW = ( <<"s1", "h1">> :> {} @@
  <<"s1", "h2">> :> {} @@
  <<"s2", "h1">> :> {} @@
  <<"s2", "h2">> :> {} )
/\ dsess = "s1"
/\ cleaned = TRUE
/\ rmRan = FALSE
/\ rmOk = TRUE
/\ tmpOpen = ( <<"s1", "h1">> :> {} @@
  <<"s1", "h2">> :> {} @@
  <<"s2", "h1">> :> {} @@
  <<"s2", "h2">> :> {} )
/\ hsh = [a1 |-> "h1", a2 |-> "h1"]
/\ existed = [a1 |-> FALSE, a2 |-> FALSE]
/\ apc = [a1 |-> "post", a2 |-> "post"]
/\ created = <<>>

State 9: <RunRm line 161, col 5 to line 168, col 135 of module SemgateF6>
/\ agentOk = FALSE
/\ agentWrote = {<<"x", "h1">>, <<"y", "h1">>}
/\ delig = FALSE
/\ eOk = FALSE
/\ content = [x |-> "h2", y |-> "h1"]
/\ tmp = ( <<"s1", "h1">> :> "absent" @@
  <<"s1", "h2">> :> "absent" @@
  <<"s2", "h1">> :> "absent" @@
  <<"s2", "h2">> :> "absent" )
/\ snap = ( <<"s1", "h1">> :> "absent" @@
  <<"s1", "h2">> :> "absent" @@
  <<"s2", "h1">> :> "absent" @@
  <<"s2", "h2">> :> "absent" )
/\ dpc = "done"
/\ userEdited = TRUE
/\ snapW = ( <<"s1", "h1">> :> {} @@
  <<"s1", "h2">> :> {} @@
  <<"s2", "h1">> :> {} @@
  <<"s2", "h2">> :> {} )
/\ dsess = "s1"
/\ cleaned = TRUE
/\ rmRan = FALSE
/\ rmOk = TRUE
/\ tmpOpen = ( <<"s1", "h1">> :> {} @@
  <<"s1", "h2">> :> {} @@
  <<"s2", "h1">> :> {} @@
  <<"s2", "h2">> :> {} )
/\ hsh = [a1 |-> "h1", a2 |-> "h1"]
/\ existed = [a1 |-> FALSE, a2 |-> FALSE]
/\ apc = [a1 |-> "post", a2 |-> "post"]
/\ created = <<>>

State 10: <AgentAct line 183, col 16 to line 183, col 110 of module SemgateF6>
/\ agentOk = FALSE
/\ agentWrote = {<<"x", "h1">>, <<"y", "h1">>}
/\ delig = FALSE
/\ eOk = FALSE
/\ content = [x |-> "h2", y |-> "h1"]
/\ tmp = ( <<"s1", "h1">> :> "absent" @@
  <<"s1", "h2">> :> "absent" @@
  <<"s2", "h1">> :> "absent" @@
  <<"s2", "h2">> :> "absent" )
/\ snap = ( <<"s1", "h1">> :> "absent" @@
  <<"s1", "h2">> :> "absent" @@
  <<"s2", "h1">> :> "absent" @@
  <<"s2", "h2">> :> "absent" )
/\ dpc = "done"
/\ userEdited = TRUE
/\ snapW = ( <<"s1", "h1">> :> {} @@
  <<"s1", "h2">> :> {} @@
  <<"s2", "h1">> :> {} @@
  <<"s2", "h2">> :> {} )
/\ dsess = "s1"
/\ cleaned = TRUE
/\ rmRan = FALSE
/\ rmOk = TRUE
/\ tmpOpen = ( <<"s1", "h1">> :> {} @@
  <<"s1", "h2">> :> {} @@
  <<"s2", "h1">> :> {} @@
  <<"s2", "h2">> :> {} )
/\ hsh = [a1 |-> "h1", a2 |-> "h1"]
/\ existed = [a1 |-> FALSE, a2 |-> FALSE]
/\ apc = [a1 |-> "post", a2 |-> "open"]
/\ created = <<>>

State 11: <AgentAct line 183, col 16 to line 183, col 110 of module SemgateF6>
/\ agentOk = FALSE
/\ agentWrote = {<<"x", "h1">>, <<"y", "h1">>}
/\ delig = FALSE
/\ eOk = FALSE
/\ content = [x |-> "h2", y |-> "h1"]
/\ tmp = ( <<"s1", "h1">> :> "writing" @@
  <<"s1", "h2">> :> "absent" @@
  <<"s2", "h1">> :> "absent" @@
  <<"s2", "h2">> :> "absent" )
/\ snap = ( <<"s1", "h1">> :> "absent" @@
  <<"s1", "h2">> :> "absent" @@
  <<"s2", "h1">> :> "absent" @@
  <<"s2", "h2">> :> "absent" )
/\ dpc = "done"
/\ userEdited = TRUE
/\ snapW = ( <<"s1", "h1">> :> {} @@
  <<"s1", "h2">> :> {} @@
  <<"s2", "h1">> :> {} @@
  <<"s2", "h2">> :> {} )
/\ dsess = "s1"
/\ cleaned = TRUE
/\ rmRan = FALSE
/\ rmOk = TRUE
/\ tmpOpen = ( <<"s1", "h1">> :> {"a2"} @@
  <<"s1", "h2">> :> {} @@
  <<"s2", "h1">> :> {} @@
  <<"s2", "h2">> :> {} )
/\ hsh = [a1 |-> "h1", a2 |-> "h1"]
/\ existed = [a1 |-> FALSE, a2 |-> FALSE]
/\ apc = [a1 |-> "post", a2 |-> "close"]
/\ created = <<>>

State 12: <AgentAct line 183, col 16 to line 183, col 110 of module SemgateF6>
/\ agentOk = FALSE
/\ agentWrote = {<<"x", "h1">>, <<"y", "h1">>}
/\ delig = FALSE
/\ eOk = FALSE
/\ content = [x |-> "h2", y |-> "h1"]
/\ tmp = ( <<"s1", "h1">> :> "complete" @@
  <<"s1", "h2">> :> "absent" @@
  <<"s2", "h1">> :> "absent" @@
  <<"s2", "h2">> :> "absent" )
/\ snap = ( <<"s1", "h1">> :> "absent" @@
  <<"s1", "h2">> :> "absent" @@
  <<"s2", "h1">> :> "absent" @@
  <<"s2", "h2">> :> "absent" )
/\ dpc = "done"
/\ userEdited = TRUE
/\ snapW = ( <<"s1", "h1">> :> {} @@
  <<"s1", "h2">> :> {} @@
  <<"s2", "h1">> :> {} @@
  <<"s2", "h2">> :> {} )
/\ dsess = "s1"
/\ cleaned = TRUE
/\ rmRan = FALSE
/\ rmOk = TRUE
/\ tmpOpen = ( <<"s1", "h1">> :> {} @@
  <<"s1", "h2">> :> {} @@
  <<"s2", "h1">> :> {} @@
  <<"s2", "h2">> :> {} )
/\ hsh = [a1 |-> "h1", a2 |-> "h1"]
/\ existed = [a1 |-> FALSE, a2 |-> FALSE]
/\ apc = [a1 |-> "post", a2 |-> "replace"]
/\ created = <<>>

State 13: <AgentAct line 183, col 16 to line 183, col 110 of module SemgateF6>
/\ agentOk = FALSE
/\ agentWrote = {<<"x", "h1">>, <<"y", "h1">>}
/\ delig = FALSE
/\ eOk = FALSE
/\ content = [x |-> "h2", y |-> "h1"]
/\ tmp = ( <<"s1", "h1">> :> "complete" @@
  <<"s1", "h2">> :> "absent" @@
  <<"s2", "h1">> :> "absent" @@
  <<"s2", "h2">> :> "absent" )
/\ snap = ( <<"s1", "h1">> :> "absent" @@
  <<"s1", "h2">> :> "absent" @@
  <<"s2", "h1">> :> "absent" @@
  <<"s2", "h2">> :> "absent" )
/\ dpc = "done"
/\ userEdited = TRUE
/\ snapW = ( <<"s1", "h1">> :> {} @@
  <<"s1", "h2">> :> {} @@
  <<"s2", "h1">> :> {} @@
  <<"s2", "h2">> :> {} )
/\ dsess = "s1"
/\ cleaned = TRUE
/\ rmRan = FALSE
/\ rmOk = TRUE
/\ tmpOpen = ( <<"s1", "h1">> :> {} @@
  <<"s1", "h2">> :> {} @@
  <<"s2", "h1">> :> {} @@
  <<"s2", "h2">> :> {} )
/\ hsh = [a1 |-> "h2", a2 |-> "h1"]
/\ existed = [a1 |-> FALSE, a2 |-> FALSE]
/\ apc = [a1 |-> "open", a2 |-> "replace"]
/\ created = <<>>

State 14: <AgentAct line 183, col 16 to line 183, col 110 of module SemgateF6>
/\ agentOk = FALSE
/\ agentWrote = {<<"x", "h1">>, <<"y", "h1">>}
/\ delig = FALSE
/\ eOk = FALSE
/\ content = [x |-> "h2", y |-> "h1"]
/\ tmp = ( <<"s1", "h1">> :> "complete" @@
  <<"s1", "h2">> :> "writing" @@
  <<"s2", "h1">> :> "absent" @@
  <<"s2", "h2">> :> "absent" )
/\ snap = ( <<"s1", "h1">> :> "absent" @@
  <<"s1", "h2">> :> "absent" @@
  <<"s2", "h1">> :> "absent" @@
  <<"s2", "h2">> :> "absent" )
/\ dpc = "done"
/\ userEdited = TRUE
/\ snapW = ( <<"s1", "h1">> :> {} @@
  <<"s1", "h2">> :> {} @@
  <<"s2", "h1">> :> {} @@
  <<"s2", "h2">> :> {} )
/\ dsess = "s1"
/\ cleaned = TRUE
/\ rmRan = FALSE
/\ rmOk = TRUE
/\ tmpOpen = ( <<"s1", "h1">> :> {} @@
  <<"s1", "h2">> :> {"a1"} @@
  <<"s2", "h1">> :> {} @@
  <<"s2", "h2">> :> {} )
/\ hsh = [a1 |-> "h2", a2 |-> "h1"]
/\ existed = [a1 |-> FALSE, a2 |-> FALSE]
/\ apc = [a1 |-> "close", a2 |-> "replace"]
/\ created = <<>>

State 15: <AgentAct line 183, col 16 to line 183, col 110 of module SemgateF6>
/\ agentOk = FALSE
/\ agentWrote = {<<"x", "h1">>, <<"y", "h1">>}
/\ delig = FALSE
/\ eOk = FALSE
/\ content = [x |-> "h2", y |-> "h1"]
/\ tmp = ( <<"s1", "h1">> :> "complete" @@
  <<"s1", "h2">> :> "complete" @@
  <<"s2", "h1">> :> "absent" @@
  <<"s2", "h2">> :> "absent" )
/\ snap = ( <<"s1", "h1">> :> "absent" @@
  <<"s1", "h2">> :> "absent" @@
  <<"s2", "h1">> :> "absent" @@
  <<"s2", "h2">> :> "absent" )
/\ dpc = "done"
/\ userEdited = TRUE
/\ snapW = ( <<"s1", "h1">> :> {} @@
  <<"s1", "h2">> :> {} @@
  <<"s2", "h1">> :> {} @@
  <<"s2", "h2">> :> {} )
/\ dsess = "s1"
/\ cleaned = TRUE
/\ rmRan = FALSE
/\ rmOk = TRUE
/\ tmpOpen = ( <<"s1", "h1">> :> {} @@
  <<"s1", "h2">> :> {} @@
  <<"s2", "h1">> :> {} @@
  <<"s2", "h2">> :> {} )
/\ hsh = [a1 |-> "h2", a2 |-> "h1"]
/\ existed = [a1 |-> FALSE, a2 |-> FALSE]
/\ apc = [a1 |-> "replace", a2 |-> "replace"]
/\ created = <<>>

State 16: <AgentAct line 183, col 16 to line 183, col 110 of module SemgateF6>
/\ agentOk = FALSE
/\ agentWrote = {<<"x", "h1">>, <<"y", "h1">>}
/\ delig = FALSE
/\ eOk = FALSE
/\ content = [x |-> "h2", y |-> "h1"]
/\ tmp = ( <<"s1", "h1">> :> "complete" @@
  <<"s1", "h2">> :> "absent" @@
  <<"s2", "h1">> :> "absent" @@
  <<"s2", "h2">> :> "absent" )
/\ snap = ( <<"s1", "h1">> :> "absent" @@
  <<"s1", "h2">> :> "complete" @@
  <<"s2", "h1">> :> "absent" @@
  <<"s2", "h2">> :> "absent" )
/\ dpc = "done"
/\ userEdited = TRUE
/\ snapW = ( <<"s1", "h1">> :> {} @@
  <<"s1", "h2">> :> {} @@
  <<"s2", "h1">> :> {} @@
  <<"s2", "h2">> :> {} )
/\ dsess = "s1"
/\ cleaned = TRUE
/\ rmRan = FALSE
/\ rmOk = TRUE
/\ tmpOpen = ( <<"s1", "h1">> :> {} @@
  <<"s1", "h2">> :> {} @@
  <<"s2", "h1">> :> {} @@
  <<"s2", "h2">> :> {} )
/\ hsh = [a1 |-> "h2", a2 |-> "h1"]
/\ existed = [a1 |-> FALSE, a2 |-> FALSE]
/\ apc = [a1 |-> "verify", a2 |-> "replace"]
/\ created = <<>>

State 17: <AgentAct line 183, col 16 to line 183, col 110 of module SemgateF6>
/\ agentOk = FALSE
/\ agentWrote = {<<"x", "h1">>, <<"y", "h1">>}
/\ delig = FALSE
/\ eOk = FALSE
/\ content = [x |-> "h2", y |-> "h1"]
/\ tmp = ( <<"s1", "h1">> :> "absent" @@
  <<"s1", "h2">> :> "absent" @@
  <<"s2", "h1">> :> "absent" @@
  <<"s2", "h2">> :> "absent" )
/\ snap = ( <<"s1", "h1">> :> "complete" @@
  <<"s1", "h2">> :> "complete" @@
  <<"s2", "h1">> :> "absent" @@
  <<"s2", "h2">> :> "absent" )
/\ dpc = "done"
/\ userEdited = TRUE
/\ snapW = ( <<"s1", "h1">> :> {} @@
  <<"s1", "h2">> :> {} @@
  <<"s2", "h1">> :> {} @@
  <<"s2", "h2">> :> {} )
/\ dsess = "s1"
/\ cleaned = TRUE
/\ rmRan = FALSE
/\ rmOk = TRUE
/\ tmpOpen = ( <<"s1", "h1">> :> {} @@
  <<"s1", "h2">> :> {} @@
  <<"s2", "h1">> :> {} @@
  <<"s2", "h2">> :> {} )
/\ hsh = [a1 |-> "h2", a2 |-> "h1"]
/\ existed = [a1 |-> FALSE, a2 |-> FALSE]
/\ apc = [a1 |-> "verify", a2 |-> "verify"]
/\ created = <<>>

State 18: <AgentAct line 183, col 16 to line 183, col 110 of module SemgateF6>
/\ agentOk = FALSE
/\ agentWrote = {<<"x", "h1">>, <<"y", "h1">>}
/\ delig = FALSE
/\ eOk = FALSE
/\ content = [x |-> "h2", y |-> "h1"]
/\ tmp = ( <<"s1", "h1">> :> "absent" @@
  <<"s1", "h2">> :> "absent" @@
  <<"s2", "h1">> :> "absent" @@
  <<"s2", "h2">> :> "absent" )
/\ snap = ( <<"s1", "h1">> :> "complete" @@
  <<"s1", "h2">> :> "complete" @@
  <<"s2", "h1">> :> "absent" @@
  <<"s2", "h2">> :> "absent" )
/\ dpc = "done"
/\ userEdited = TRUE
/\ snapW = ( <<"s1", "h1">> :> {} @@
  <<"s1", "h2">> :> {} @@
  <<"s2", "h1">> :> {} @@
  <<"s2", "h2">> :> {} )
/\ dsess = "s1"
/\ cleaned = TRUE
/\ rmRan = FALSE
/\ rmOk = TRUE
/\ tmpOpen = ( <<"s1", "h1">> :> {} @@
  <<"s1", "h2">> :> {} @@
  <<"s2", "h1">> :> {} @@
  <<"s2", "h2">> :> {} )
/\ hsh = [a1 |-> "h2", a2 |-> "h1"]
/\ existed = [a1 |-> FALSE, a2 |-> FALSE]
/\ apc = [a1 |-> "verify", a2 |-> "done"]
/\ created = <<[path |-> "y", sess |-> "s1", sha |-> "h1"]>>

State 19: <AgentAct line 183, col 16 to line 183, col 110 of module SemgateF6>
/\ agentOk = FALSE
/\ agentWrote = {<<"x", "h1">>, <<"y", "h1">>}
/\ delig = FALSE
/\ eOk = FALSE
/\ content = [x |-> "h2", y |-> "h1"]
/\ tmp = ( <<"s1", "h1">> :> "absent" @@
  <<"s1", "h2">> :> "absent" @@
  <<"s2", "h1">> :> "absent" @@
  <<"s2", "h2">> :> "absent" )
/\ snap = ( <<"s1", "h1">> :> "complete" @@
  <<"s1", "h2">> :> "complete" @@
  <<"s2", "h1">> :> "absent" @@
  <<"s2", "h2">> :> "absent" )
/\ dpc = "done"
/\ userEdited = TRUE
/\ snapW = ( <<"s1", "h1">> :> {} @@
  <<"s1", "h2">> :> {} @@
  <<"s2", "h1">> :> {} @@
  <<"s2", "h2">> :> {} )
/\ dsess = "s1"
/\ cleaned = TRUE
/\ rmRan = FALSE
/\ rmOk = TRUE
/\ tmpOpen = ( <<"s1", "h1">> :> {} @@
  <<"s1", "h2">> :> {} @@
  <<"s2", "h1">> :> {} @@
  <<"s2", "h2">> :> {} )
/\ hsh = [a1 |-> "h2", a2 |-> "h1"]
/\ existed = [a1 |-> FALSE, a2 |-> FALSE]
/\ apc = [a1 |-> "done", a2 |-> "done"]
/\ created = << [path |-> "y", sess |-> "s1", sha |-> "h1"],
   [path |-> "x", sess |-> "s1", sha |-> "h2"] >>

State 20: Stuttering
Finished checking temporal properties in 00s at 2026-09-23 15:02:03
18592 states generated, 6759 distinct states found, 0 states left on queue.
Finished in 01s at (2026-09-23 15:02:03)
