TLC2 Version 2.19 of 08 August 2024 (rev: 5a47802)
Running breadth-first search Model-Checking with fp 32 and seed -9025561847570367402 with 16 workers on 16 cores with 5461MB heap and 64MB offheap memory [pid: 31532] (Windows 11 10.0 amd64, Eclipse Adoptium 21.0.12.1 x86_64, MSBDiskFPSet, DiskStateQueue).
Parsing file <repo>\formal\MC_Semgate.tla
Parsing file <repo>\formal\Semgate.tla
Parsing file C:\WINDOWS\TEMP\Naturals.tla
Parsing file C:\WINDOWS\TEMP\Sequences.tla
Parsing file C:\WINDOWS\TEMP\FiniteSets.tla
Parsing file C:\WINDOWS\TEMP\TLC.tla
Semantic processing of module Naturals
Semantic processing of module Sequences
Semantic processing of module FiniteSets
Semantic processing of module TLC
Semantic processing of module Semgate
Semantic processing of module MC_Semgate
Starting... (2026-09-23 14:53:31)
Computing initial states...
Finished computing initial states: 1 distinct state generated at 2026-09-23 14:53:31.
Error: Invariant ApprovalUnexpired is violated.
Error: The behavior up to this point is:
State 1: <Initial predicate>
/\ recs = ( <<p1, 2>> :>
      [ sess |-> "none",
        proj |-> "none",
        cmd |-> "none",
        dec |-> "none",
        kind |-> "none",
        step |-> "none",
        err |-> FALSE,
        legacy |-> FALSE ] @@
  <<p1, 3>> :>
      [ sess |-> "none",
        proj |-> "none",
        cmd |-> "none",
        dec |-> "none",
        kind |-> "none",
        step |-> "none",
        err |-> FALSE,
        legacy |-> FALSE ] @@
  <<p1, 4>> :>
      [ sess |-> "none",
        proj |-> "none",
        cmd |-> "none",
        dec |-> "none",
        kind |-> "none",
        step |-> "none",
        err |-> FALSE,
        legacy |-> FALSE ] @@
  <<p1, 5>> :>
      [ sess |-> "none",
        proj |-> "none",
        cmd |-> "none",
        dec |-> "none",
        kind |-> "none",
        step |-> "none",
        err |-> FALSE,
        legacy |-> FALSE ] @@
  <<p2, 2>> :>
      [ sess |-> "none",
        proj |-> "none",
        cmd |-> "none",
        dec |-> "none",
        kind |-> "none",
        step |-> "none",
        err |-> FALSE,
        legacy |-> FALSE ] @@
  <<p2, 3>> :>
      [ sess |-> "none",
        proj |-> "none",
        cmd |-> "none",
        dec |-> "none",
        kind |-> "none",
        step |-> "none",
        err |-> FALSE,
        legacy |-> FALSE ] @@
  <<p2, 4>> :>
      [ sess |-> "none",
        proj |-> "none",
        cmd |-> "none",
        dec |-> "none",
        kind |-> "none",
        step |-> "none",
        err |-> FALSE,
        legacy |-> FALSE ] @@
  <<p2, 5>> :>
      [ sess |-> "none",
        proj |-> "none",
        cmd |-> "none",
        dec |-> "none",
        kind |-> "none",
        step |-> "none",
        err |-> FALSE,
        legacy |-> FALSE ] @@
  <<"op", 1>> :>
      [ sess |-> "none",
        proj |-> "none",
        cmd |-> "none",
        dec |-> "none",
        kind |-> "none",
        step |-> "none",
        err |-> FALSE,
        legacy |-> FALSE ] @@
  <<"op", 2>> :>
      [ sess |-> "none",
        proj |-> "none",
        cmd |-> "none",
        dec |-> "none",
        kind |-> "none",
        step |-> "none",
        err |-> FALSE,
        legacy |-> FALSE ] )
/\ proj = (p1 :> "none" @@ p2 :> "none")
/\ expAt = (p1 :> FALSE @@ p2 :> FALSE)
/\ approved = [c1 |-> 0, c2 |-> 0]
/\ sess = (p1 :> "none" @@ p2 :> "none")
/\ tout = (p1 :> 0 @@ p2 :> 0)
/\ ran = (p1 :> "none" @@ p2 :> "none")
/\ sub = (p1 :> "none" @@ p2 :> "none")
/\ stage = (p1 :> "none" @@ p2 :> "none")
/\ pc = (p1 :> "idle" @@ p2 :> "idle")
/\ dec = (p1 :> "none" @@ p2 :> "none")
/\ lock = "free"
/\ files = [ledger |-> <<>>, history |-> <<>>, feedback |-> <<>>]
/\ cmd = (p1 :> "none" @@ p2 :> "none")
/\ wpos = (p1 :> 0 @@ p2 :> 0)
/\ spill = <<>>
/\ queue = (p1 :> <<>> @@ p2 :> <<>>)
/\ expired = FALSE
/\ learnOk = (p1 :> FALSE @@ p2 :> FALSE)
/\ after = (p1 :> "done" @@ p2 :> "done")
/\ granted = [c1 |-> 0, c2 |-> 0]

State 2: <Decide line 277, col 5 to line 305, col 78 of module Semgate>
/\ recs = ( <<p1, 2>> :>
      [ sess |-> "s1",
        proj |-> "j1",
        cmd |-> "c1",
        dec |-> "ask",
        kind |-> "pending",
        step |-> p1,
        err |-> FALSE,
        legacy |-> FALSE ] @@
  <<p1, 3>> :>
      [ sess |-> "s1",
        proj |-> "j1",
        cmd |-> "c1",
        dec |-> "ask",
        kind |-> "hr",
        step |-> p1,
        err |-> FALSE,
        legacy |-> FALSE ] @@
  <<p1, 4>> :>
      [ sess |-> "none",
        proj |-> "none",
        cmd |-> "none",
        dec |-> "none",
        kind |-> "none",
        step |-> "none",
        err |-> FALSE,
        legacy |-> FALSE ] @@
  <<p1, 5>> :>
      [ sess |-> "none",
        proj |-> "none",
        cmd |-> "none",
        dec |-> "none",
        kind |-> "none",
        step |-> "none",
        err |-> FALSE,
        legacy |-> FALSE ] @@
  <<p2, 2>> :>
      [ sess |-> "none",
        proj |-> "none",
        cmd |-> "none",
        dec |-> "none",
        kind |-> "none",
        step |-> "none",
        err |-> FALSE,
        legacy |-> FALSE ] @@
  <<p2, 3>> :>
      [ sess |-> "none",
        proj |-> "none",
        cmd |-> "none",
        dec |-> "none",
        kind |-> "none",
        step |-> "none",
        err |-> FALSE,
        legacy |-> FALSE ] @@
  <<p2, 4>> :>
      [ sess |-> "none",
        proj |-> "none",
        cmd |-> "none",
        dec |-> "none",
        kind |-> "none",
        step |-> "none",
        err |-> FALSE,
        legacy |-> FALSE ] @@
  <<p2, 5>> :>
      [ sess |-> "none",
        proj |-> "none",
        cmd |-> "none",
        dec |-> "none",
        kind |-> "none",
        step |-> "none",
        err |-> FALSE,
        legacy |-> FALSE ] @@
  <<"op", 1>> :>
      [ sess |-> "none",
        proj |-> "none",
        cmd |-> "none",
        dec |-> "none",
        kind |-> "none",
        step |-> "none",
        err |-> FALSE,
        legacy |-> FALSE ] @@
  <<"op", 2>> :>
      [ sess |-> "none",
        proj |-> "none",
        cmd |-> "none",
        dec |-> "none",
        kind |-> "none",
        step |-> "none",
        err |-> FALSE,
        legacy |-> FALSE ] )
/\ proj = (p1 :> "j1" @@ p2 :> "none")
/\ expAt = (p1 :> FALSE @@ p2 :> FALSE)
/\ approved = [c1 |-> 0, c2 |-> 0]
/\ sess = (p1 :> "s1" @@ p2 :> "none")
/\ tout = (p1 :> 0 @@ p2 :> 0)
/\ ran = (p1 :> "none" @@ p2 :> "none")
/\ sub = (p1 :> "seek" @@ p2 :> "none")
/\ stage = (p1 :> "base" @@ p2 :> "none")
/\ pc = (p1 :> "app" @@ p2 :> "idle")
/\ dec = (p1 :> "ask" @@ p2 :> "none")
/\ lock = "free"
/\ files = [ledger |-> <<>>, history |-> <<>>, feedback |-> <<>>]
/\ cmd = (p1 :> "c1" @@ p2 :> "none")
/\ wpos = (p1 :> 0 @@ p2 :> 0)
/\ spill = <<>>
/\ queue = (p1 :> <<<<"history", <<p1, 2>>>>, <<"ledger", <<p1, 3>>>>>> @@ p2 :> <<>>)
/\ expired = FALSE
/\ learnOk = (p1 :> FALSE @@ p2 :> FALSE)
/\ after = (p1 :> "returned" @@ p2 :> "done")
/\ granted = [c1 |-> 0, c2 |-> 0]

State 3: <OpGrant line 351, col 5 to line 355, col 136 of module Semgate>
/\ recs = ( <<p1, 2>> :>
      [ sess |-> "s1",
        proj |-> "j1",
        cmd |-> "c1",
        dec |-> "ask",
        kind |-> "pending",
        step |-> p1,
        err |-> FALSE,
        legacy |-> FALSE ] @@
  <<p1, 3>> :>
      [ sess |-> "s1",
        proj |-> "j1",
        cmd |-> "c1",
        dec |-> "ask",
        kind |-> "hr",
        step |-> p1,
        err |-> FALSE,
        legacy |-> FALSE ] @@
  <<p1, 4>> :>
      [ sess |-> "none",
        proj |-> "none",
        cmd |-> "none",
        dec |-> "none",
        kind |-> "none",
        step |-> "none",
        err |-> FALSE,
        legacy |-> FALSE ] @@
  <<p1, 5>> :>
      [ sess |-> "none",
        proj |-> "none",
        cmd |-> "none",
        dec |-> "none",
        kind |-> "none",
        step |-> "none",
        err |-> FALSE,
        legacy |-> FALSE ] @@
  <<p2, 2>> :>
      [ sess |-> "none",
        proj |-> "none",
        cmd |-> "none",
        dec |-> "none",
        kind |-> "none",
        step |-> "none",
        err |-> FALSE,
        legacy |-> FALSE ] @@
  <<p2, 3>> :>
      [ sess |-> "none",
        proj |-> "none",
        cmd |-> "none",
        dec |-> "none",
        kind |-> "none",
        step |-> "none",
        err |-> FALSE,
        legacy |-> FALSE ] @@
  <<p2, 4>> :>
      [ sess |-> "none",
        proj |-> "none",
        cmd |-> "none",
        dec |-> "none",
        kind |-> "none",
        step |-> "none",
        err |-> FALSE,
        legacy |-> FALSE ] @@
  <<p2, 5>> :>
      [ sess |-> "none",
        proj |-> "none",
        cmd |-> "none",
        dec |-> "none",
        kind |-> "none",
        step |-> "none",
        err |-> FALSE,
        legacy |-> FALSE ] @@
  <<"op", 1>> :>
      [ sess |-> "s1",
        proj |-> "j1",
        cmd |-> "c1",
        dec |-> "allow",
        kind |-> "fb",
        step |-> "none",
        err |-> FALSE,
        legacy |-> FALSE ] @@
  <<"op", 2>> :>
      [ sess |-> "none",
        proj |-> "none",
        cmd |-> "none",
        dec |-> "none",
        kind |-> "none",
        step |-> "none",
        err |-> FALSE,
        legacy |-> FALSE ] )
/\ proj = (p1 :> "j1" @@ p2 :> "none")
/\ expAt = (p1 :> FALSE @@ p2 :> FALSE)
/\ approved = [c1 |-> 0, c2 |-> 0]
/\ sess = (p1 :> "s1" @@ p2 :> "none")
/\ tout = (p1 :> 0 @@ p2 :> 0)
/\ ran = (p1 :> "none" @@ p2 :> "none")
/\ sub = (p1 :> "seek" @@ p2 :> "none")
/\ stage = (p1 :> "base" @@ p2 :> "none")
/\ pc = (p1 :> "app" @@ p2 :> "idle")
/\ dec = (p1 :> "ask" @@ p2 :> "none")
/\ lock = "free"
/\ files = [ ledger |-> <<>>,
  history |-> <<>>,
  feedback |-> <<[id |-> <<"op", 1>>, part |-> 0, last |-> TRUE]>> ]
/\ cmd = (p1 :> "c1" @@ p2 :> "none")
/\ wpos = (p1 :> 0 @@ p2 :> 0)
/\ spill = <<>>
/\ queue = (p1 :> <<<<"history", <<p1, 2>>>>, <<"ledger", <<p1, 3>>>>>> @@ p2 :> <<>>)
/\ expired = FALSE
/\ learnOk = (p1 :> FALSE @@ p2 :> FALSE)
/\ after = (p1 :> "returned" @@ p2 :> "done")
/\ granted = [c1 |-> 1, c2 |-> 0]

State 4: <Expire line 365, col 5 to line 367, col 149 of module Semgate>
/\ recs = ( <<p1, 2>> :>
      [ sess |-> "s1",
        proj |-> "j1",
        cmd |-> "c1",
        dec |-> "ask",
        kind |-> "pending",
        step |-> p1,
        err |-> FALSE,
        legacy |-> FALSE ] @@
  <<p1, 3>> :>
      [ sess |-> "s1",
        proj |-> "j1",
        cmd |-> "c1",
        dec |-> "ask",
        kind |-> "hr",
        step |-> p1,
        err |-> FALSE,
        legacy |-> FALSE ] @@
  <<p1, 4>> :>
      [ sess |-> "none",
        proj |-> "none",
        cmd |-> "none",
        dec |-> "none",
        kind |-> "none",
        step |-> "none",
        err |-> FALSE,
        legacy |-> FALSE ] @@
  <<p1, 5>> :>
      [ sess |-> "none",
        proj |-> "none",
        cmd |-> "none",
        dec |-> "none",
        kind |-> "none",
        step |-> "none",
        err |-> FALSE,
        legacy |-> FALSE ] @@
  <<p2, 2>> :>
      [ sess |-> "none",
        proj |-> "none",
        cmd |-> "none",
        dec |-> "none",
        kind |-> "none",
        step |-> "none",
        err |-> FALSE,
        legacy |-> FALSE ] @@
  <<p2, 3>> :>
      [ sess |-> "none",
        proj |-> "none",
        cmd |-> "none",
        dec |-> "none",
        kind |-> "none",
        step |-> "none",
        err |-> FALSE,
        legacy |-> FALSE ] @@
  <<p2, 4>> :>
      [ sess |-> "none",
        proj |-> "none",
        cmd |-> "none",
        dec |-> "none",
        kind |-> "none",
        step |-> "none",
        err |-> FALSE,
        legacy |-> FALSE ] @@
  <<p2, 5>> :>
      [ sess |-> "none",
        proj |-> "none",
        cmd |-> "none",
        dec |-> "none",
        kind |-> "none",
        step |-> "none",
        err |-> FALSE,
        legacy |-> FALSE ] @@
  <<"op", 1>> :>
      [ sess |-> "s1",
        proj |-> "j1",
        cmd |-> "c1",
        dec |-> "allow",
        kind |-> "fb",
        step |-> "none",
        err |-> FALSE,
        legacy |-> FALSE ] @@
  <<"op", 2>> :>
      [ sess |-> "none",
        proj |-> "none",
        cmd |-> "none",
        dec |-> "none",
        kind |-> "none",
        step |-> "none",
        err |-> FALSE,
        legacy |-> FALSE ] )
/\ proj = (p1 :> "j1" @@ p2 :> "none")
/\ expAt = (p1 :> FALSE @@ p2 :> FALSE)
/\ approved = [c1 |-> 0, c2 |-> 0]
/\ sess = (p1 :> "s1" @@ p2 :> "none")
/\ tout = (p1 :> 0 @@ p2 :> 0)
/\ ran = (p1 :> "none" @@ p2 :> "none")
/\ sub = (p1 :> "seek" @@ p2 :> "none")
/\ stage = (p1 :> "base" @@ p2 :> "none")
/\ pc = (p1 :> "app" @@ p2 :> "idle")
/\ dec = (p1 :> "ask" @@ p2 :> "none")
/\ lock = "free"
/\ files = [ ledger |-> <<>>,
  history |-> <<>>,
  feedback |-> <<[id |-> <<"op", 1>>, part |-> 0, last |-> TRUE]>> ]
/\ cmd = (p1 :> "c1" @@ p2 :> "none")
/\ wpos = (p1 :> 0 @@ p2 :> 0)
/\ spill = <<>>
/\ queue = (p1 :> <<<<"history", <<p1, 2>>>>, <<"ledger", <<p1, 3>>>>>> @@ p2 :> <<>>)
/\ expired = TRUE
/\ learnOk = (p1 :> FALSE @@ p2 :> FALSE)
/\ after = (p1 :> "returned" @@ p2 :> "done")
/\ granted = [c1 |-> 1, c2 |-> 0]

State 5: <Decide line 277, col 5 to line 305, col 78 of module Semgate>
/\ recs = ( <<p1, 2>> :>
      [ sess |-> "s1",
        proj |-> "j1",
        cmd |-> "c1",
        dec |-> "ask",
        kind |-> "pending",
        step |-> p1,
        err |-> FALSE,
        legacy |-> FALSE ] @@
  <<p1, 3>> :>
      [ sess |-> "s1",
        proj |-> "j1",
        cmd |-> "c1",
        dec |-> "ask",
        kind |-> "hr",
        step |-> p1,
        err |-> FALSE,
        legacy |-> FALSE ] @@
  <<p1, 4>> :>
      [ sess |-> "none",
        proj |-> "none",
        cmd |-> "none",
        dec |-> "none",
        kind |-> "none",
        step |-> "none",
        err |-> FALSE,
        legacy |-> FALSE ] @@
  <<p1, 5>> :>
      [ sess |-> "none",
        proj |-> "none",
        cmd |-> "none",
        dec |-> "none",
        kind |-> "none",
        step |-> "none",
        err |-> FALSE,
        legacy |-> FALSE ] @@
  <<p2, 2>> :>
      [ sess |-> "s1",
        proj |-> "j1",
        cmd |-> "c1",
        dec |-> "allow",
        kind |-> "pending",
        step |-> p2,
        err |-> FALSE,
        legacy |-> FALSE ] @@
  <<p2, 3>> :>
      [ sess |-> "s1",
        proj |-> "j1",
        cmd |-> "c1",
        dec |-> "allow",
        kind |-> "hr",
        step |-> p2,
        err |-> FALSE,
        legacy |-> FALSE ] @@
  <<p2, 4>> :>
      [ sess |-> "none",
        proj |-> "none",
        cmd |-> "none",
        dec |-> "none",
        kind |-> "none",
        step |-> "none",
        err |-> FALSE,
        legacy |-> FALSE ] @@
  <<p2, 5>> :>
      [ sess |-> "none",
        proj |-> "none",
        cmd |-> "none",
        dec |-> "none",
        kind |-> "none",
        step |-> "none",
        err |-> FALSE,
        legacy |-> FALSE ] @@
  <<"op", 1>> :>
      [ sess |-> "s1",
        proj |-> "j1",
        cmd |-> "c1",
        dec |-> "allow",
        kind |-> "fb",
        step |-> "none",
        err |-> FALSE,
        legacy |-> FALSE ] @@
  <<"op", 2>> :>
      [ sess |-> "none",
        proj |-> "none",
        cmd |-> "none",
        dec |-> "none",
        kind |-> "none",
        step |-> "none",
        err |-> FALSE,
        legacy |-> FALSE ] )
/\ proj = (p1 :> "j1" @@ p2 :> "j1")
/\ expAt = (p1 :> FALSE @@ p2 :> TRUE)
/\ approved = [c1 |-> 0, c2 |-> 0]
/\ sess = (p1 :> "s1" @@ p2 :> "s1")
/\ tout = (p1 :> 0 @@ p2 :> 0)
/\ ran = (p1 :> "none" @@ p2 :> "none")
/\ sub = (p1 :> "seek" @@ p2 :> "seek")
/\ stage = (p1 :> "base" @@ p2 :> "human")
/\ pc = (p1 :> "app" @@ p2 :> "app")
/\ dec = (p1 :> "ask" @@ p2 :> "allow")
/\ lock = "free"
/\ files = [ ledger |-> <<>>,
  history |-> <<>>,
  feedback |-> <<[id |-> <<"op", 1>>, part |-> 0, last |-> TRUE]>> ]
/\ cmd = (p1 :> "c1" @@ p2 :> "c1")
/\ wpos = (p1 :> 0 @@ p2 :> 0)
/\ spill = <<>>
/\ queue = ( p1 :> <<<<"history", <<p1, 2>>>>, <<"ledger", <<p1, 3>>>>>> @@
  p2 :> <<<<"history", <<p2, 2>>>>, <<"ledger", <<p2, 3>>>>>> )
/\ expired = TRUE
/\ learnOk = (p1 :> FALSE @@ p2 :> FALSE)
/\ after = (p1 :> "returned" @@ p2 :> "returned")
/\ granted = [c1 |-> 1, c2 |-> 0]

5679 states generated, 2494 distinct states found, 1437 states left on queue.
The depth of the complete state graph search is 11.
The average outdegree of the complete state graph is 2 (minimum is 0, the maximum 12 and the 95th percentile is 6).
Finished in 01s at (2026-09-23 14:53:31)
