TLC2 Version 2.19 of 08 August 2024 (rev: 5a47802)
Running breadth-first search Model-Checking with fp 11 and seed 7287735418568545333 with 16 workers on 16 cores with 5461MB heap and 64MB offheap memory [pid: 2580] (Windows 11 10.0 amd64, Eclipse Adoptium 21.0.12.1 x86_64, MSBDiskFPSet, DiskStateQueue).
Parsing file <repo>\formal\MC_Semgate.tla
Parsing file <repo>\formal\Semgate.tla
Parsing file C:\WINDOWS\TEMP\Naturals.tla
Parsing file C:\WINDOWS\TEMP\Sequences.tla
Parsing file C:\WINDOWS\TEMP\FiniteSets.tla
Parsing file C:\WINDOWS\TEMP\TLC.tla
Semantic processing of module Naturals
Semantic processing of module Sequences
Semantic processing of module FiniteSets
Semantic processing of module TLC
Semantic processing of module Semgate
Semantic processing of module MC_Semgate
Starting... (2026-09-23 13:56:02)
Computing initial states...
Finished computing initial states: 1 distinct state generated at 2026-09-23 13:56:02.
Progress(21) at 2026-09-23 13:56:05: 547,261 states generated (547,261 s/min), 249,311 distinct states found (249,311 ds/min), 88,397 states left on queue.
Progress(32) at 2026-09-23 13:57:05: 13,672,995 states generated (13,125,734 s/min), 6,230,866 distinct states found (5,981,555 ds/min), 1,103,053 states left on queue.
Progress(36) at 2026-09-23 13:58:05: 25,433,301 states generated (11,760,306 s/min), 11,863,258 distinct states found (5,632,392 ds/min), 1,289,019 states left on queue.
Progress(41) at 2026-09-23 13:59:05: 36,405,570 states generated (10,972,269 s/min), 17,391,237 distinct states found (5,527,979 ds/min), 795,026 states left on queue.
Model checking completed. No error has been found.
  Estimates of the probability that TLC did not check all reachable states
  because two distinct states had the same fingerprint:
  calculated (optimistic):  val = 2.3E-5
  based on the actual fingerprints:  val = 1.8E-4
41614461 states generated, 20265783 distinct states found, 0 states left on queue.
The depth of the complete state graph search is 45.
The average outdegree of the complete state graph is 1 (minimum is 0, the maximum 7 and the 95th percentile is 2).
Finished in 03min 38s at (2026-09-23 13:59:40)
