MC_Semgate__code__NoMisread                                    holds                trace=None back=None states=587797 depth=45 8.5s
MC_Semgate__code__LearnedSound                                 holds                trace=None back=None states=587797 depth=45 7.8s
MC_Semgate__code__CountNoOver                                  holds                trace=None back=None states=587797 depth=45 9.0s
MC_Semgate__code__CountExactAtEnd                              holds                trace=None back=None states=587797 depth=45 7.9s
MC_Semgate__code__NoTornLine                                   holds                trace=None back=None states=587797 depth=45 14.3s
MC_Semgate__code__NoLostRecord                                 holds                trace=None back=None states=587797 depth=45 9.2s
MC_Semgate__code_timeout__NoMisread                            holds                trace=None back=None states=20265783 depth=45 214.2s
MC_Semgate__old__LedgerOneLine                                 violated             trace=11 back=None states=2076 depth=11 1.5s
MC_Semgate__old__CountExactAtEnd                               violated             trace=21 back=None states=438704 depth=21 6.7s
MC_Semgate__old__NoTornLine                                    violated             trace=12 back=None states=2494 depth=12 1.6s
MC_Semgate__old__NoLostRecord                                  violated             trace=14 back=None states=12378 depth=14 1.7s
MC_Semgate__M_nolock__LedgerOneLine                            violated             trace=11 back=None states=1568 depth=11 1.4s
MC_Semgate__M_nolock__CountExactAtEnd                          violated             trace=25 back=None states=1920421 depth=25 17.7s
MC_Semgate__M_nolock__NoTornLine                               violated             trace=12 back=None states=2618 depth=12 1.4s
MC_Semgate__M_nolock__NoLostRecord                             violated             trace=14 back=None states=11349 depth=14 1.6s
MC_Semgate__M_tolerant__NoMisread                              violated             trace=15 back=None states=11448 depth=15 1.7s
MC_Semgate__M_tolerant__CountNoOver                            violated             trace=15 back=None states=16373 depth=15 1.7s
MC_Semgate__M_raise_nolock__CountExactAtEnd                    violated             trace=21 back=None states=434955 depth=21 7.2s
MC_Semgate__M_count_error__LearnedSound                        violated             trace=30 back=None states=45173 depth=30 2.4s
MC_Semgate__M_count_error__CountNoOver                         violated             trace=15 back=None states=2028 depth=16 1.5s
MC_Semgate__M_count_error__CountExactAtEnd                     violated             trace=43 back=None states=334207 depth=43 8.5s
MC_Semgate__M_post_twice__LearnedSound                         violated             trace=21 back=None states=7222 depth=22 1.8s
MC_Semgate__M_post_twice__CountNoOver                          violated             trace=19 back=None states=5018 depth=20 1.8s
MC_Semgate__M_post_twice__CountExactAtEnd                      violated             trace=58 back=None states=7792788 depth=58 118.8s
MC_Semgate__M_timeout_drop__LedgerOneLine                      violated             trace=6 back=None states=346 depth=11 1.1s
MC_Semgate__code_crash__LedgerOneLine                          holds                trace=None back=None states=10035052 depth=45 473.5s
MC_Semgate__code_timeout_crash__LedgerOneLine                  error                trace=None back=None states=35,939,109 depth=None 662.1s
MC_Semgate__old_crash__LedgerOneLine                           violated             trace=11 back=None states=7371 depth=11 2.3s
