TLC2 Version 2.19 of 08 August 2024 (rev: 5a47802)
Running breadth-first search Model-Checking with fp 60 and seed -4449255151422019927 with 16 workers on 16 cores with 5461MB heap and 64MB offheap memory [pid: 26228] (Windows 11 10.0 amd64, Eclipse Adoptium 21.0.12.1 x86_64, MSBDiskFPSet, DiskStateQueue).
Parsing file <repo>\formal\SemgateServe.tla
Parsing file C:\WINDOWS\TEMP\Integers.tla
Parsing file C:\WINDOWS\TEMP\Sequences.tla
Parsing file C:\WINDOWS\TEMP\FiniteSets.tla
Parsing file C:\WINDOWS\TEMP\TLC.tla
Parsing file C:\WINDOWS\TEMP\Naturals.tla
Semantic processing of module Naturals
Semantic processing of module Integers
Semantic processing of module Sequences
Semantic processing of module FiniteSets
Semantic processing of module TLC
Semantic processing of module SemgateServe
Starting... (2026-09-23 15:02:59)
Implied-temporal checking--satisfiability problem has 1 branches.
Computing initial states...
Finished computing initial states: 1 distinct state generated at 2026-09-23 15:02:59.
Progress(36) at 2026-09-23 15:02:59: 1,346 states generated, 755 distinct states found, 0 states left on queue.
Checking temporal properties for the complete state space with 755 total distinct states at (2026-09-23 15:02:59)
Error: Temporal properties were violated.

Error: The following behavior constitutes a counter-example:

State 1: <Initial predicate>
/\ hung = ( <<0, 1>> :> FALSE @@
  <<0, 2>> :> FALSE @@
  <<1, 1>> :> FALSE @@
  <<1, 2>> :> FALSE )
/\ timedOut = ( <<0, 1>> :> FALSE @@
  <<0, 2>> :> FALSE @@
  <<1, 1>> :> FALSE @@
  <<1, 2>> :> FALSE )
/\ work = (<<0, 1>> :> -1 @@ <<0, 2>> :> -1 @@ <<1, 1>> :> -1 @@ <<1, 2>> :> -1)
/\ b = 0
/\ pend = ( <<0, 1>> :> "unsent" @@
  <<0, 2>> :> "unsent" @@
  <<1, 1>> :> "unsent" @@
  <<1, 2>> :> "unsent" )
/\ rem = (<<0, 1>> :> 0 @@ <<0, 2>> :> 0 @@ <<1, 1>> :> 0 @@ <<1, 2>> :> 0)
/\ used = ( <<0, 1>> :> "none" @@
  <<0, 2>> :> "none" @@
  <<1, 1>> :> "none" @@
  <<1, 2>> :> "none" )
/\ queue = <<>>
/\ aband = {}
/\ sent = 0

State 2: <Send line 74, col 5 to line 80, col 57 of module SemgateServe>
/\ hung = ( <<0, 1>> :> FALSE @@
  <<0, 2>> :> FALSE @@
  <<1, 1>> :> FALSE @@
  <<1, 2>> :> FALSE )
/\ timedOut = ( <<0, 1>> :> FALSE @@
  <<0, 2>> :> FALSE @@
  <<1, 1>> :> FALSE @@
  <<1, 2>> :> FALSE )
/\ work = (<<0, 1>> :> -1 @@ <<0, 2>> :> -1 @@ <<1, 1>> :> -1 @@ <<1, 2>> :> -1)
/\ b = 0
/\ pend = ( <<0, 1>> :> "waiting" @@
  <<0, 2>> :> "unsent" @@
  <<1, 1>> :> "unsent" @@
  <<1, 2>> :> "unsent" )
/\ rem = (<<0, 1>> :> 5 @@ <<0, 2>> :> 0 @@ <<1, 1>> :> 0 @@ <<1, 2>> :> 0)
/\ used = ( <<0, 1>> :> "none" @@
  <<0, 2>> :> "none" @@
  <<1, 1>> :> "none" @@
  <<1, 2>> :> "none" )
/\ queue = <<<<0, 1>>>>
/\ aband = {}
/\ sent = 1

State 3: <Send line 74, col 5 to line 80, col 57 of module SemgateServe>
/\ hung = ( <<0, 1>> :> FALSE @@
  <<0, 2>> :> FALSE @@
  <<1, 1>> :> FALSE @@
  <<1, 2>> :> FALSE )
/\ timedOut = ( <<0, 1>> :> FALSE @@
  <<0, 2>> :> FALSE @@
  <<1, 1>> :> FALSE @@
  <<1, 2>> :> FALSE )
/\ work = (<<0, 1>> :> -1 @@ <<0, 2>> :> -1 @@ <<1, 1>> :> -1 @@ <<1, 2>> :> -1)
/\ b = 0
/\ pend = ( <<0, 1>> :> "waiting" @@
  <<0, 2>> :> "waiting" @@
  <<1, 1>> :> "unsent" @@
  <<1, 2>> :> "unsent" )
/\ rem = (<<0, 1>> :> 5 @@ <<0, 2>> :> 5 @@ <<1, 1>> :> 0 @@ <<1, 2>> :> 0)
/\ used = ( <<0, 1>> :> "none" @@
  <<0, 2>> :> "none" @@
  <<1, 1>> :> "none" @@
  <<1, 2>> :> "none" )
/\ queue = <<<<0, 1>>, <<0, 2>>>>
/\ aband = {}
/\ sent = 2

State 4: <ServeStart line 93, col 5 to line 98, col 62 of module SemgateServe>
/\ hung = ( <<0, 1>> :> FALSE @@
  <<0, 2>> :> FALSE @@
  <<1, 1>> :> FALSE @@
  <<1, 2>> :> FALSE )
/\ timedOut = ( <<0, 1>> :> FALSE @@
  <<0, 2>> :> FALSE @@
  <<1, 1>> :> FALSE @@
  <<1, 2>> :> FALSE )
/\ work = (<<0, 1>> :> 3 @@ <<0, 2>> :> -1 @@ <<1, 1>> :> -1 @@ <<1, 2>> :> -1)
/\ b = 0
/\ pend = ( <<0, 1>> :> "waiting" @@
  <<0, 2>> :> "waiting" @@
  <<1, 1>> :> "unsent" @@
  <<1, 2>> :> "unsent" )
/\ rem = (<<0, 1>> :> 5 @@ <<0, 2>> :> 5 @@ <<1, 1>> :> 0 @@ <<1, 2>> :> 0)
/\ used = ( <<0, 1>> :> "none" @@
  <<0, 2>> :> "none" @@
  <<1, 1>> :> "none" @@
  <<1, 2>> :> "none" )
/\ queue = <<<<0, 2>>>>
/\ aband = {}
/\ sent = 2

State 5: <ServeStart line 93, col 5 to line 98, col 62 of module SemgateServe>
/\ hung = ( <<0, 1>> :> FALSE @@
  <<0, 2>> :> TRUE @@
  <<1, 1>> :> FALSE @@
  <<1, 2>> :> FALSE )
/\ timedOut = ( <<0, 1>> :> FALSE @@
  <<0, 2>> :> FALSE @@
  <<1, 1>> :> FALSE @@
  <<1, 2>> :> FALSE )
/\ work = (<<0, 1>> :> 3 @@ <<0, 2>> :> 3 @@ <<1, 1>> :> -1 @@ <<1, 2>> :> -1)
/\ b = 0
/\ pend = ( <<0, 1>> :> "waiting" @@
  <<0, 2>> :> "waiting" @@
  <<1, 1>> :> "unsent" @@
  <<1, 2>> :> "unsent" )
/\ rem = (<<0, 1>> :> 5 @@ <<0, 2>> :> 5 @@ <<1, 1>> :> 0 @@ <<1, 2>> :> 0)
/\ used = ( <<0, 1>> :> "none" @@
  <<0, 2>> :> "none" @@
  <<1, 1>> :> "none" @@
  <<1, 2>> :> "none" )
/\ queue = <<>>
/\ aband = {}
/\ sent = 2

State 6: <Tick line 143, col 5 to line 147, col 70 of module SemgateServe>
/\ hung = ( <<0, 1>> :> FALSE @@
  <<0, 2>> :> TRUE @@
  <<1, 1>> :> FALSE @@
  <<1, 2>> :> FALSE )
/\ timedOut = ( <<0, 1>> :> FALSE @@
  <<0, 2>> :> FALSE @@
  <<1, 1>> :> FALSE @@
  <<1, 2>> :> FALSE )
/\ work = (<<0, 1>> :> 2 @@ <<0, 2>> :> 3 @@ <<1, 1>> :> -1 @@ <<1, 2>> :> -1)
/\ b = 0
/\ pend = ( <<0, 1>> :> "waiting" @@
  <<0, 2>> :> "waiting" @@
  <<1, 1>> :> "unsent" @@
  <<1, 2>> :> "unsent" )
/\ rem = (<<0, 1>> :> 4 @@ <<0, 2>> :> 4 @@ <<1, 1>> :> 0 @@ <<1, 2>> :> 0)
/\ used = ( <<0, 1>> :> "none" @@
  <<0, 2>> :> "none" @@
  <<1, 1>> :> "none" @@
  <<1, 2>> :> "none" )
/\ queue = <<>>
/\ aband = {}
/\ sent = 2

State 7: <Tick line 143, col 5 to line 147, col 70 of module SemgateServe>
/\ hung = ( <<0, 1>> :> FALSE @@
  <<0, 2>> :> TRUE @@
  <<1, 1>> :> FALSE @@
  <<1, 2>> :> FALSE )
/\ timedOut = ( <<0, 1>> :> FALSE @@
  <<0, 2>> :> FALSE @@
  <<1, 1>> :> FALSE @@
  <<1, 2>> :> FALSE )
/\ work = (<<0, 1>> :> 1 @@ <<0, 2>> :> 3 @@ <<1, 1>> :> -1 @@ <<1, 2>> :> -1)
/\ b = 0
/\ pend = ( <<0, 1>> :> "waiting" @@
  <<0, 2>> :> "waiting" @@
  <<1, 1>> :> "unsent" @@
  <<1, 2>> :> "unsent" )
/\ rem = (<<0, 1>> :> 3 @@ <<0, 2>> :> 3 @@ <<1, 1>> :> 0 @@ <<1, 2>> :> 0)
/\ used = ( <<0, 1>> :> "none" @@
  <<0, 2>> :> "none" @@
  <<1, 1>> :> "none" @@
  <<1, 2>> :> "none" )
/\ queue = <<>>
/\ aband = {}
/\ sent = 2

State 8: <Tick line 143, col 5 to line 147, col 70 of module SemgateServe>
/\ hung = ( <<0, 1>> :> FALSE @@
  <<0, 2>> :> TRUE @@
  <<1, 1>> :> FALSE @@
  <<1, 2>> :> FALSE )
/\ timedOut = ( <<0, 1>> :> FALSE @@
  <<0, 2>> :> FALSE @@
  <<1, 1>> :> FALSE @@
  <<1, 2>> :> FALSE )
/\ work = (<<0, 1>> :> 0 @@ <<0, 2>> :> 3 @@ <<1, 1>> :> -1 @@ <<1, 2>> :> -1)
/\ b = 0
/\ pend = ( <<0, 1>> :> "waiting" @@
  <<0, 2>> :> "waiting" @@
  <<1, 1>> :> "unsent" @@
  <<1, 2>> :> "unsent" )
/\ rem = (<<0, 1>> :> 2 @@ <<0, 2>> :> 2 @@ <<1, 1>> :> 0 @@ <<1, 2>> :> 0)
/\ used = ( <<0, 1>> :> "none" @@
  <<0, 2>> :> "none" @@
  <<1, 1>> :> "none" @@
  <<1, 2>> :> "none" )
/\ queue = <<>>
/\ aband = {}
/\ sent = 2

State 9: <ServeAnswer line 102, col 5 to line 118, col 51 of module SemgateServe>
/\ hung = ( <<0, 1>> :> FALSE @@
  <<0, 2>> :> TRUE @@
  <<1, 1>> :> FALSE @@
  <<1, 2>> :> FALSE )
/\ timedOut = ( <<0, 1>> :> FALSE @@
  <<0, 2>> :> FALSE @@
  <<1, 1>> :> FALSE @@
  <<1, 2>> :> FALSE )
/\ work = (<<0, 1>> :> -1 @@ <<0, 2>> :> 3 @@ <<1, 1>> :> -1 @@ <<1, 2>> :> -1)
/\ b = 0
/\ pend = ( <<0, 1>> :> "resolved" @@
  <<0, 2>> :> "waiting" @@
  <<1, 1>> :> "unsent" @@
  <<1, 2>> :> "unsent" )
/\ rem = (<<0, 1>> :> 0 @@ <<0, 2>> :> 2 @@ <<1, 1>> :> 0 @@ <<1, 2>> :> 0)
/\ used = ( <<0, 1>> :> "allow" @@
  <<0, 2>> :> "none" @@
  <<1, 1>> :> "none" @@
  <<1, 2>> :> "none" )
/\ queue = <<>>
/\ aband = {}
/\ sent = 2

State 10: <Tick line 143, col 5 to line 147, col 70 of module SemgateServe>
/\ hung = ( <<0, 1>> :> FALSE @@
  <<0, 2>> :> TRUE @@
  <<1, 1>> :> FALSE @@
  <<1, 2>> :> FALSE )
/\ timedOut = ( <<0, 1>> :> FALSE @@
  <<0, 2>> :> FALSE @@
  <<1, 1>> :> FALSE @@
  <<1, 2>> :> FALSE )
/\ work = (<<0, 1>> :> -1 @@ <<0, 2>> :> 3 @@ <<1, 1>> :> -1 @@ <<1, 2>> :> -1)
/\ b = 0
/\ pend = ( <<0, 1>> :> "resolved" @@
  <<0, 2>> :> "waiting" @@
  <<1, 1>> :> "unsent" @@
  <<1, 2>> :> "unsent" )
/\ rem = (<<0, 1>> :> 0 @@ <<0, 2>> :> 1 @@ <<1, 1>> :> 0 @@ <<1, 2>> :> 0)
/\ used = ( <<0, 1>> :> "allow" @@
  <<0, 2>> :> "none" @@
  <<1, 1>> :> "none" @@
  <<1, 2>> :> "none" )
/\ queue = <<>>
/\ aband = {}
/\ sent = 2

State 11: <Tick line 143, col 5 to line 147, col 70 of module SemgateServe>
/\ hung = ( <<0, 1>> :> FALSE @@
  <<0, 2>> :> TRUE @@
  <<1, 1>> :> FALSE @@
  <<1, 2>> :> FALSE )
/\ timedOut = ( <<0, 1>> :> FALSE @@
  <<0, 2>> :> FALSE @@
  <<1, 1>> :> FALSE @@
  <<1, 2>> :> FALSE )
/\ work = (<<0, 1>> :> -1 @@ <<0, 2>> :> 3 @@ <<1, 1>> :> -1 @@ <<1, 2>> :> -1)
/\ b = 0
/\ pend = ( <<0, 1>> :> "resolved" @@
  <<0, 2>> :> "waiting" @@
  <<1, 1>> :> "unsent" @@
  <<1, 2>> :> "unsent" )
/\ rem = (<<0, 1>> :> 0 @@ <<0, 2>> :> 0 @@ <<1, 1>> :> 0 @@ <<1, 2>> :> 0)
/\ used = ( <<0, 1>> :> "allow" @@
  <<0, 2>> :> "none" @@
  <<1, 1>> :> "none" @@
  <<1, 2>> :> "none" )
/\ queue = <<>>
/\ aband = {}
/\ sent = 2

State 12: <Timeout line 121, col 5 to line 135, col 33 of module SemgateServe>
/\ hung = ( <<0, 1>> :> FALSE @@
  <<0, 2>> :> TRUE @@
  <<1, 1>> :> FALSE @@
  <<1, 2>> :> FALSE )
/\ timedOut = ( <<0, 1>> :> FALSE @@
  <<0, 2>> :> TRUE @@
  <<1, 1>> :> FALSE @@
  <<1, 2>> :> FALSE )
/\ work = (<<0, 1>> :> -1 @@ <<0, 2>> :> 3 @@ <<1, 1>> :> -1 @@ <<1, 2>> :> -1)
/\ b = 0
/\ pend = ( <<0, 1>> :> "resolved" @@
  <<0, 2>> :> "resolved" @@
  <<1, 1>> :> "unsent" @@
  <<1, 2>> :> "unsent" )
/\ rem = (<<0, 1>> :> 0 @@ <<0, 2>> :> 0 @@ <<1, 1>> :> 0 @@ <<1, 2>> :> 0)
/\ used = ( <<0, 1>> :> "allow" @@
  <<0, 2>> :> "ask" @@
  <<1, 1>> :> "none" @@
  <<1, 2>> :> "none" )
/\ queue = <<>>
/\ aband = {}
/\ sent = 2

State 13: <NewBurst line 83, col 5 to line 90, col 50 of module SemgateServe>
/\ hung = ( <<0, 1>> :> FALSE @@
  <<0, 2>> :> TRUE @@
  <<1, 1>> :> FALSE @@
  <<1, 2>> :> FALSE )
/\ timedOut = ( <<0, 1>> :> FALSE @@
  <<0, 2>> :> TRUE @@
  <<1, 1>> :> FALSE @@
  <<1, 2>> :> FALSE )
/\ work = (<<0, 1>> :> -1 @@ <<0, 2>> :> 3 @@ <<1, 1>> :> -1 @@ <<1, 2>> :> -1)
/\ b = 1
/\ pend = ( <<0, 1>> :> "resolved" @@
  <<0, 2>> :> "resolved" @@
  <<1, 1>> :> "unsent" @@
  <<1, 2>> :> "unsent" )
/\ rem = (<<0, 1>> :> 0 @@ <<0, 2>> :> 0 @@ <<1, 1>> :> 0 @@ <<1, 2>> :> 0)
/\ used = ( <<0, 1>> :> "allow" @@
  <<0, 2>> :> "ask" @@
  <<1, 1>> :> "none" @@
  <<1, 2>> :> "none" )
/\ queue = <<>>
/\ aband = {}
/\ sent = 0

State 14: <Send line 74, col 5 to line 80, col 57 of module SemgateServe>
/\ hung = ( <<0, 1>> :> FALSE @@
  <<0, 2>> :> TRUE @@
  <<1, 1>> :> FALSE @@
  <<1, 2>> :> FALSE )
/\ timedOut = ( <<0, 1>> :> FALSE @@
  <<0, 2>> :> TRUE @@
  <<1, 1>> :> FALSE @@
  <<1, 2>> :> FALSE )
/\ work = (<<0, 1>> :> -1 @@ <<0, 2>> :> 3 @@ <<1, 1>> :> -1 @@ <<1, 2>> :> -1)
/\ b = 1
/\ pend = ( <<0, 1>> :> "resolved" @@
  <<0, 2>> :> "resolved" @@
  <<1, 1>> :> "waiting" @@
  <<1, 2>> :> "unsent" )
/\ rem = (<<0, 1>> :> 0 @@ <<0, 2>> :> 0 @@ <<1, 1>> :> 5 @@ <<1, 2>> :> 0)
/\ used = ( <<0, 1>> :> "allow" @@
  <<0, 2>> :> "ask" @@
  <<1, 1>> :> "none" @@
  <<1, 2>> :> "none" )
/\ queue = <<<<1, 1>>>>
/\ aband = {}
/\ sent = 1

State 15: <ServeStart line 93, col 5 to line 98, col 62 of module SemgateServe>
/\ hung = ( <<0, 1>> :> FALSE @@
  <<0, 2>> :> TRUE @@
  <<1, 1>> :> FALSE @@
  <<1, 2>> :> FALSE )
/\ timedOut = ( <<0, 1>> :> FALSE @@
  <<0, 2>> :> TRUE @@
  <<1, 1>> :> FALSE @@
  <<1, 2>> :> FALSE )
/\ work = (<<0, 1>> :> -1 @@ <<0, 2>> :> 3 @@ <<1, 1>> :> 3 @@ <<1, 2>> :> -1)
/\ b = 1
/\ pend = ( <<0, 1>> :> "resolved" @@
  <<0, 2>> :> "resolved" @@
  <<1, 1>> :> "waiting" @@
  <<1, 2>> :> "unsent" )
/\ rem = (<<0, 1>> :> 0 @@ <<0, 2>> :> 0 @@ <<1, 1>> :> 5 @@ <<1, 2>> :> 0)
/\ used = ( <<0, 1>> :> "allow" @@
  <<0, 2>> :> "ask" @@
  <<1, 1>> :> "none" @@
  <<1, 2>> :> "none" )
/\ queue = <<>>
/\ aband = {}
/\ sent = 1

State 16: <Send line 74, col 5 to line 80, col 57 of module SemgateServe>
/\ hung = ( <<0, 1>> :> FALSE @@
  <<0, 2>> :> TRUE @@
  <<1, 1>> :> FALSE @@
  <<1, 2>> :> FALSE )
/\ timedOut = ( <<0, 1>> :> FALSE @@
  <<0, 2>> :> TRUE @@
  <<1, 1>> :> FALSE @@
  <<1, 2>> :> FALSE )
/\ work = (<<0, 1>> :> -1 @@ <<0, 2>> :> 3 @@ <<1, 1>> :> 3 @@ <<1, 2>> :> -1)
/\ b = 1
/\ pend = ( <<0, 1>> :> "resolved" @@
  <<0, 2>> :> "resolved" @@
  <<1, 1>> :> "waiting" @@
  <<1, 2>> :> "waiting" )
/\ rem = (<<0, 1>> :> 0 @@ <<0, 2>> :> 0 @@ <<1, 1>> :> 5 @@ <<1, 2>> :> 5)
/\ used = ( <<0, 1>> :> "allow" @@
  <<0, 2>> :> "ask" @@
  <<1, 1>> :> "none" @@
  <<1, 2>> :> "none" )
/\ queue = <<<<1, 2>>>>
/\ aband = {}
/\ sent = 2

State 17: <Tick line 143, col 5 to line 147, col 70 of module SemgateServe>
/\ hung = ( <<0, 1>> :> FALSE @@
  <<0, 2>> :> TRUE @@
  <<1, 1>> :> FALSE @@
  <<1, 2>> :> FALSE )
/\ timedOut = ( <<0, 1>> :> FALSE @@
  <<0, 2>> :> TRUE @@
  <<1, 1>> :> FALSE @@
  <<1, 2>> :> FALSE )
/\ work = (<<0, 1>> :> -1 @@ <<0, 2>> :> 3 @@ <<1, 1>> :> 2 @@ <<1, 2>> :> -1)
/\ b = 1
/\ pend = ( <<0, 1>> :> "resolved" @@
  <<0, 2>> :> "resolved" @@
  <<1, 1>> :> "waiting" @@
  <<1, 2>> :> "waiting" )
/\ rem = (<<0, 1>> :> 0 @@ <<0, 2>> :> 0 @@ <<1, 1>> :> 4 @@ <<1, 2>> :> 4)
/\ used = ( <<0, 1>> :> "allow" @@
  <<0, 2>> :> "ask" @@
  <<1, 1>> :> "none" @@
  <<1, 2>> :> "none" )
/\ queue = <<<<1, 2>>>>
/\ aband = {}
/\ sent = 2

State 18: <Tick line 143, col 5 to line 147, col 70 of module SemgateServe>
/\ hung = ( <<0, 1>> :> FALSE @@
  <<0, 2>> :> TRUE @@
  <<1, 1>> :> FALSE @@
  <<1, 2>> :> FALSE )
/\ timedOut = ( <<0, 1>> :> FALSE @@
  <<0, 2>> :> TRUE @@
  <<1, 1>> :> FALSE @@
  <<1, 2>> :> FALSE )
/\ work = (<<0, 1>> :> -1 @@ <<0, 2>> :> 3 @@ <<1, 1>> :> 1 @@ <<1, 2>> :> -1)
/\ b = 1
/\ pend = ( <<0, 1>> :> "resolved" @@
  <<0, 2>> :> "resolved" @@
  <<1, 1>> :> "waiting" @@
  <<1, 2>> :> "waiting" )
/\ rem = (<<0, 1>> :> 0 @@ <<0, 2>> :> 0 @@ <<1, 1>> :> 3 @@ <<1, 2>> :> 3)
/\ used = ( <<0, 1>> :> "allow" @@
  <<0, 2>> :> "ask" @@
  <<1, 1>> :> "none" @@
  <<1, 2>> :> "none" )
/\ queue = <<<<1, 2>>>>
/\ aband = {}
/\ sent = 2

State 19: <Tick line 143, col 5 to line 147, col 70 of module SemgateServe>
/\ hung = ( <<0, 1>> :> FALSE @@
  <<0, 2>> :> TRUE @@
  <<1, 1>> :> FALSE @@
  <<1, 2>> :> FALSE )
/\ timedOut = ( <<0, 1>> :> FALSE @@
  <<0, 2>> :> TRUE @@
  <<1, 1>> :> FALSE @@
  <<1, 2>> :> FALSE )
/\ work = (<<0, 1>> :> -1 @@ <<0, 2>> :> 3 @@ <<1, 1>> :> 0 @@ <<1, 2>> :> -1)
/\ b = 1
/\ pend = ( <<0, 1>> :> "resolved" @@
  <<0, 2>> :> "resolved" @@
  <<1, 1>> :> "waiting" @@
  <<1, 2>> :> "waiting" )
/\ rem = (<<0, 1>> :> 0 @@ <<0, 2>> :> 0 @@ <<1, 1>> :> 2 @@ <<1, 2>> :> 2)
/\ used = ( <<0, 1>> :> "allow" @@
  <<0, 2>> :> "ask" @@
  <<1, 1>> :> "none" @@
  <<1, 2>> :> "none" )
/\ queue = <<<<1, 2>>>>
/\ aband = {}
/\ sent = 2

State 20: <ServeAnswer line 102, col 5 to line 118, col 51 of module SemgateServe>
/\ hung = ( <<0, 1>> :> FALSE @@
  <<0, 2>> :> TRUE @@
  <<1, 1>> :> FALSE @@
  <<1, 2>> :> FALSE )
/\ timedOut = ( <<0, 1>> :> FALSE @@
  <<0, 2>> :> TRUE @@
  <<1, 1>> :> FALSE @@
  <<1, 2>> :> FALSE )
/\ work = (<<0, 1>> :> -1 @@ <<0, 2>> :> 3 @@ <<1, 1>> :> -1 @@ <<1, 2>> :> -1)
/\ b = 1
/\ pend = ( <<0, 1>> :> "resolved" @@
  <<0, 2>> :> "resolved" @@
  <<1, 1>> :> "resolved" @@
  <<1, 2>> :> "waiting" )
/\ rem = (<<0, 1>> :> 0 @@ <<0, 2>> :> 0 @@ <<1, 1>> :> 0 @@ <<1, 2>> :> 2)
/\ used = ( <<0, 1>> :> "allow" @@
  <<0, 2>> :> "ask" @@
  <<1, 1>> :> "allow" @@
  <<1, 2>> :> "none" )
/\ queue = <<<<1, 2>>>>
/\ aband = {}
/\ sent = 2

State 21: <ServeStart line 93, col 5 to line 98, col 62 of module SemgateServe>
/\ hung = (<<0, 1>> :> FALSE @@ <<0, 2>> :> TRUE @@ <<1, 1>> :> FALSE @@ <<1, 2>> :> TRUE)
/\ timedOut = ( <<0, 1>> :> FALSE @@
  <<0, 2>> :> TRUE @@
  <<1, 1>> :> FALSE @@
  <<1, 2>> :> FALSE )
/\ work = (<<0, 1>> :> -1 @@ <<0, 2>> :> 3 @@ <<1, 1>> :> -1 @@ <<1, 2>> :> 3)
/\ b = 1
/\ pend = ( <<0, 1>> :> "resolved" @@
  <<0, 2>> :> "resolved" @@
  <<1, 1>> :> "resolved" @@
  <<1, 2>> :> "waiting" )
/\ rem = (<<0, 1>> :> 0 @@ <<0, 2>> :> 0 @@ <<1, 1>> :> 0 @@ <<1, 2>> :> 2)
/\ used = ( <<0, 1>> :> "allow" @@
  <<0, 2>> :> "ask" @@
  <<1, 1>> :> "allow" @@
  <<1, 2>> :> "none" )
/\ queue = <<>>
/\ aband = {}
/\ sent = 2

State 22: <Tick line 143, col 5 to line 147, col 70 of module SemgateServe>
/\ hung = (<<0, 1>> :> FALSE @@ <<0, 2>> :> TRUE @@ <<1, 1>> :> FALSE @@ <<1, 2>> :> TRUE)
/\ timedOut = ( <<0, 1>> :> FALSE @@
  <<0, 2>> :> TRUE @@
  <<1, 1>> :> FALSE @@
  <<1, 2>> :> FALSE )
/\ work = (<<0, 1>> :> -1 @@ <<0, 2>> :> 3 @@ <<1, 1>> :> -1 @@ <<1, 2>> :> 3)
/\ b = 1
/\ pend = ( <<0, 1>> :> "resolved" @@
  <<0, 2>> :> "resolved" @@
  <<1, 1>> :> "resolved" @@
  <<1, 2>> :> "waiting" )
/\ rem = (<<0, 1>> :> 0 @@ <<0, 2>> :> 0 @@ <<1, 1>> :> 0 @@ <<1, 2>> :> 1)
/\ used = ( <<0, 1>> :> "allow" @@
  <<0, 2>> :> "ask" @@
  <<1, 1>> :> "allow" @@
  <<1, 2>> :> "none" )
/\ queue = <<>>
/\ aband = {}
/\ sent = 2

State 23: <Tick line 143, col 5 to line 147, col 70 of module SemgateServe>
/\ hung = (<<0, 1>> :> FALSE @@ <<0, 2>> :> TRUE @@ <<1, 1>> :> FALSE @@ <<1, 2>> :> TRUE)
/\ timedOut = ( <<0, 1>> :> FALSE @@
  <<0, 2>> :> TRUE @@
  <<1, 1>> :> FALSE @@
  <<1, 2>> :> FALSE )
/\ work = (<<0, 1>> :> -1 @@ <<0, 2>> :> 3 @@ <<1, 1>> :> -1 @@ <<1, 2>> :> 3)
/\ b = 1
/\ pend = ( <<0, 1>> :> "resolved" @@
  <<0, 2>> :> "resolved" @@
  <<1, 1>> :> "resolved" @@
  <<1, 2>> :> "waiting" )
/\ rem = (<<0, 1>> :> 0 @@ <<0, 2>> :> 0 @@ <<1, 1>> :> 0 @@ <<1, 2>> :> 0)
/\ used = ( <<0, 1>> :> "allow" @@
  <<0, 2>> :> "ask" @@
  <<1, 1>> :> "allow" @@
  <<1, 2>> :> "none" )
/\ queue = <<>>
/\ aband = {}
/\ sent = 2

State 24: <Timeout line 121, col 5 to line 135, col 33 of module SemgateServe>
/\ hung = (<<0, 1>> :> FALSE @@ <<0, 2>> :> TRUE @@ <<1, 1>> :> FALSE @@ <<1, 2>> :> TRUE)
/\ timedOut = (<<0, 1>> :> FALSE @@ <<0, 2>> :> TRUE @@ <<1, 1>> :> FALSE @@ <<1, 2>> :> TRUE)
/\ work = (<<0, 1>> :> -1 @@ <<0, 2>> :> 3 @@ <<1, 1>> :> -1 @@ <<1, 2>> :> 3)
/\ b = 1
/\ pend = ( <<0, 1>> :> "resolved" @@
  <<0, 2>> :> "resolved" @@
  <<1, 1>> :> "resolved" @@
  <<1, 2>> :> "resolved" )
/\ rem = (<<0, 1>> :> 0 @@ <<0, 2>> :> 0 @@ <<1, 1>> :> 0 @@ <<1, 2>> :> 0)
/\ used = ( <<0, 1>> :> "allow" @@
  <<0, 2>> :> "ask" @@
  <<1, 1>> :> "allow" @@
  <<1, 2>> :> "ask" )
/\ queue = <<>>
/\ aband = {}
/\ sent = 2

State 25: Stuttering
Finished checking temporal properties in 00s at 2026-09-23 15:02:59
1346 states generated, 755 distinct states found, 0 states left on queue.
Finished in 00s at (2026-09-23 15:02:59)
