TLC2 Version 2.19 of 08 August 2024 (rev: 5a47802)
Running breadth-first search Model-Checking with fp 43 and seed -4462913594567120303 with 16 workers on 16 cores with 5461MB heap and 64MB offheap memory [pid: 1620] (Windows 11 10.0 amd64, Eclipse Adoptium 21.0.12.1 x86_64, MSBDiskFPSet, DiskStateQueue).
Parsing file <repo>\formal\SemgateServe.tla
Parsing file C:\WINDOWS\TEMP\Integers.tla
Parsing file C:\WINDOWS\TEMP\Sequences.tla
Parsing file C:\WINDOWS\TEMP\FiniteSets.tla
Parsing file C:\WINDOWS\TEMP\TLC.tla
Parsing file C:\WINDOWS\TEMP\Naturals.tla
Semantic processing of module Naturals
Semantic processing of module Integers
Semantic processing of module Sequences
Semantic processing of module FiniteSets
Semantic processing of module TLC
Semantic processing of module SemgateServe
Starting... (2026-09-23 13:55:05)
Computing initial states...
Finished computing initial states: 1 distinct state generated at 2026-09-23 13:55:05.
Error: Invariant K12_NoAbandon is violated.
Error: The behavior up to this point is:
State 1: <Initial predicate>
/\ hung = ( <<0, 1>> :> FALSE @@
  <<0, 2>> :> FALSE @@
  <<1, 1>> :> FALSE @@
  <<1, 2>> :> FALSE )
/\ timedOut = ( <<0, 1>> :> FALSE @@
  <<0, 2>> :> FALSE @@
  <<1, 1>> :> FALSE @@
  <<1, 2>> :> FALSE )
/\ work = (<<0, 1>> :> -1 @@ <<0, 2>> :> -1 @@ <<1, 1>> :> -1 @@ <<1, 2>> :> -1)
/\ b = 0
/\ pend = ( <<0, 1>> :> "unsent" @@
  <<0, 2>> :> "unsent" @@
  <<1, 1>> :> "unsent" @@
  <<1, 2>> :> "unsent" )
/\ rem = (<<0, 1>> :> 0 @@ <<0, 2>> :> 0 @@ <<1, 1>> :> 0 @@ <<1, 2>> :> 0)
/\ used = ( <<0, 1>> :> "none" @@
  <<0, 2>> :> "none" @@
  <<1, 1>> :> "none" @@
  <<1, 2>> :> "none" )
/\ queue = <<>>
/\ aband = {}
/\ sent = 0

State 2: <Send line 74, col 5 to line 80, col 57 of module SemgateServe>
/\ hung = ( <<0, 1>> :> FALSE @@
  <<0, 2>> :> FALSE @@
  <<1, 1>> :> FALSE @@
  <<1, 2>> :> FALSE )
/\ timedOut = ( <<0, 1>> :> FALSE @@
  <<0, 2>> :> FALSE @@
  <<1, 1>> :> FALSE @@
  <<1, 2>> :> FALSE )
/\ work = (<<0, 1>> :> -1 @@ <<0, 2>> :> -1 @@ <<1, 1>> :> -1 @@ <<1, 2>> :> -1)
/\ b = 0
/\ pend = ( <<0, 1>> :> "waiting" @@
  <<0, 2>> :> "unsent" @@
  <<1, 1>> :> "unsent" @@
  <<1, 2>> :> "unsent" )
/\ rem = (<<0, 1>> :> 5 @@ <<0, 2>> :> 0 @@ <<1, 1>> :> 0 @@ <<1, 2>> :> 0)
/\ used = ( <<0, 1>> :> "none" @@
  <<0, 2>> :> "none" @@
  <<1, 1>> :> "none" @@
  <<1, 2>> :> "none" )
/\ queue = <<<<0, 1>>>>
/\ aband = {}
/\ sent = 1

State 3: <Send line 74, col 5 to line 80, col 57 of module SemgateServe>
/\ hung = ( <<0, 1>> :> FALSE @@
  <<0, 2>> :> FALSE @@
  <<1, 1>> :> FALSE @@
  <<1, 2>> :> FALSE )
/\ timedOut = ( <<0, 1>> :> FALSE @@
  <<0, 2>> :> FALSE @@
  <<1, 1>> :> FALSE @@
  <<1, 2>> :> FALSE )
/\ work = (<<0, 1>> :> -1 @@ <<0, 2>> :> -1 @@ <<1, 1>> :> -1 @@ <<1, 2>> :> -1)
/\ b = 0
/\ pend = ( <<0, 1>> :> "waiting" @@
  <<0, 2>> :> "waiting" @@
  <<1, 1>> :> "unsent" @@
  <<1, 2>> :> "unsent" )
/\ rem = (<<0, 1>> :> 5 @@ <<0, 2>> :> 5 @@ <<1, 1>> :> 0 @@ <<1, 2>> :> 0)
/\ used = ( <<0, 1>> :> "none" @@
  <<0, 2>> :> "none" @@
  <<1, 1>> :> "none" @@
  <<1, 2>> :> "none" )
/\ queue = <<<<0, 1>>, <<0, 2>>>>
/\ aband = {}
/\ sent = 2

State 4: <ServeStart line 93, col 5 to line 98, col 62 of module SemgateServe>
/\ hung = ( <<0, 1>> :> TRUE @@
  <<0, 2>> :> FALSE @@
  <<1, 1>> :> FALSE @@
  <<1, 2>> :> FALSE )
/\ timedOut = ( <<0, 1>> :> FALSE @@
  <<0, 2>> :> FALSE @@
  <<1, 1>> :> FALSE @@
  <<1, 2>> :> FALSE )
/\ work = (<<0, 1>> :> 3 @@ <<0, 2>> :> -1 @@ <<1, 1>> :> -1 @@ <<1, 2>> :> -1)
/\ b = 0
/\ pend = ( <<0, 1>> :> "waiting" @@
  <<0, 2>> :> "waiting" @@
  <<1, 1>> :> "unsent" @@
  <<1, 2>> :> "unsent" )
/\ rem = (<<0, 1>> :> 5 @@ <<0, 2>> :> 5 @@ <<1, 1>> :> 0 @@ <<1, 2>> :> 0)
/\ used = ( <<0, 1>> :> "none" @@
  <<0, 2>> :> "none" @@
  <<1, 1>> :> "none" @@
  <<1, 2>> :> "none" )
/\ queue = <<<<0, 2>>>>
/\ aband = {}
/\ sent = 2

State 5: <ServeStart line 93, col 5 to line 98, col 62 of module SemgateServe>
/\ hung = (<<0, 1>> :> TRUE @@ <<0, 2>> :> TRUE @@ <<1, 1>> :> FALSE @@ <<1, 2>> :> FALSE)
/\ timedOut = ( <<0, 1>> :> FALSE @@
  <<0, 2>> :> FALSE @@
  <<1, 1>> :> FALSE @@
  <<1, 2>> :> FALSE )
/\ work = (<<0, 1>> :> 3 @@ <<0, 2>> :> 3 @@ <<1, 1>> :> -1 @@ <<1, 2>> :> -1)
/\ b = 0
/\ pend = ( <<0, 1>> :> "waiting" @@
  <<0, 2>> :> "waiting" @@
  <<1, 1>> :> "unsent" @@
  <<1, 2>> :> "unsent" )
/\ rem = (<<0, 1>> :> 5 @@ <<0, 2>> :> 5 @@ <<1, 1>> :> 0 @@ <<1, 2>> :> 0)
/\ used = ( <<0, 1>> :> "none" @@
  <<0, 2>> :> "none" @@
  <<1, 1>> :> "none" @@
  <<1, 2>> :> "none" )
/\ queue = <<>>
/\ aband = {}
/\ sent = 2

State 6: <Tick line 143, col 5 to line 147, col 70 of module SemgateServe>
/\ hung = (<<0, 1>> :> TRUE @@ <<0, 2>> :> TRUE @@ <<1, 1>> :> FALSE @@ <<1, 2>> :> FALSE)
/\ timedOut = ( <<0, 1>> :> FALSE @@
  <<0, 2>> :> FALSE @@
  <<1, 1>> :> FALSE @@
  <<1, 2>> :> FALSE )
/\ work = (<<0, 1>> :> 3 @@ <<0, 2>> :> 3 @@ <<1, 1>> :> -1 @@ <<1, 2>> :> -1)
/\ b = 0
/\ pend = ( <<0, 1>> :> "waiting" @@
  <<0, 2>> :> "waiting" @@
  <<1, 1>> :> "unsent" @@
  <<1, 2>> :> "unsent" )
/\ rem = (<<0, 1>> :> 4 @@ <<0, 2>> :> 4 @@ <<1, 1>> :> 0 @@ <<1, 2>> :> 0)
/\ used = ( <<0, 1>> :> "none" @@
  <<0, 2>> :> "none" @@
  <<1, 1>> :> "none" @@
  <<1, 2>> :> "none" )
/\ queue = <<>>
/\ aband = {}
/\ sent = 2

State 7: <Tick line 143, col 5 to line 147, col 70 of module SemgateServe>
/\ hung = (<<0, 1>> :> TRUE @@ <<0, 2>> :> TRUE @@ <<1, 1>> :> FALSE @@ <<1, 2>> :> FALSE)
/\ timedOut = ( <<0, 1>> :> FALSE @@
  <<0, 2>> :> FALSE @@
  <<1, 1>> :> FALSE @@
  <<1, 2>> :> FALSE )
/\ work = (<<0, 1>> :> 3 @@ <<0, 2>> :> 3 @@ <<1, 1>> :> -1 @@ <<1, 2>> :> -1)
/\ b = 0
/\ pend = ( <<0, 1>> :> "waiting" @@
  <<0, 2>> :> "waiting" @@
  <<1, 1>> :> "unsent" @@
  <<1, 2>> :> "unsent" )
/\ rem = (<<0, 1>> :> 3 @@ <<0, 2>> :> 3 @@ <<1, 1>> :> 0 @@ <<1, 2>> :> 0)
/\ used = ( <<0, 1>> :> "none" @@
  <<0, 2>> :> "none" @@
  <<1, 1>> :> "none" @@
  <<1, 2>> :> "none" )
/\ queue = <<>>
/\ aband = {}
/\ sent = 2

State 8: <Tick line 143, col 5 to line 147, col 70 of module SemgateServe>
/\ hung = (<<0, 1>> :> TRUE @@ <<0, 2>> :> TRUE @@ <<1, 1>> :> FALSE @@ <<1, 2>> :> FALSE)
/\ timedOut = ( <<0, 1>> :> FALSE @@
  <<0, 2>> :> FALSE @@
  <<1, 1>> :> FALSE @@
  <<1, 2>> :> FALSE )
/\ work = (<<0, 1>> :> 3 @@ <<0, 2>> :> 3 @@ <<1, 1>> :> -1 @@ <<1, 2>> :> -1)
/\ b = 0
/\ pend = ( <<0, 1>> :> "waiting" @@
  <<0, 2>> :> "waiting" @@
  <<1, 1>> :> "unsent" @@
  <<1, 2>> :> "unsent" )
/\ rem = (<<0, 1>> :> 2 @@ <<0, 2>> :> 2 @@ <<1, 1>> :> 0 @@ <<1, 2>> :> 0)
/\ used = ( <<0, 1>> :> "none" @@
  <<0, 2>> :> "none" @@
  <<1, 1>> :> "none" @@
  <<1, 2>> :> "none" )
/\ queue = <<>>
/\ aband = {}
/\ sent = 2

State 9: <Tick line 143, col 5 to line 147, col 70 of module SemgateServe>
/\ hung = (<<0, 1>> :> TRUE @@ <<0, 2>> :> TRUE @@ <<1, 1>> :> FALSE @@ <<1, 2>> :> FALSE)
/\ timedOut = ( <<0, 1>> :> FALSE @@
  <<0, 2>> :> FALSE @@
  <<1, 1>> :> FALSE @@
  <<1, 2>> :> FALSE )
/\ work = (<<0, 1>> :> 3 @@ <<0, 2>> :> 3 @@ <<1, 1>> :> -1 @@ <<1, 2>> :> -1)
/\ b = 0
/\ pend = ( <<0, 1>> :> "waiting" @@
  <<0, 2>> :> "waiting" @@
  <<1, 1>> :> "unsent" @@
  <<1, 2>> :> "unsent" )
/\ rem = (<<0, 1>> :> 1 @@ <<0, 2>> :> 1 @@ <<1, 1>> :> 0 @@ <<1, 2>> :> 0)
/\ used = ( <<0, 1>> :> "none" @@
  <<0, 2>> :> "none" @@
  <<1, 1>> :> "none" @@
  <<1, 2>> :> "none" )
/\ queue = <<>>
/\ aband = {}
/\ sent = 2

State 10: <Tick line 143, col 5 to line 147, col 70 of module SemgateServe>
/\ hung = (<<0, 1>> :> TRUE @@ <<0, 2>> :> TRUE @@ <<1, 1>> :> FALSE @@ <<1, 2>> :> FALSE)
/\ timedOut = ( <<0, 1>> :> FALSE @@
  <<0, 2>> :> FALSE @@
  <<1, 1>> :> FALSE @@
  <<1, 2>> :> FALSE )
/\ work = (<<0, 1>> :> 3 @@ <<0, 2>> :> 3 @@ <<1, 1>> :> -1 @@ <<1, 2>> :> -1)
/\ b = 0
/\ pend = ( <<0, 1>> :> "waiting" @@
  <<0, 2>> :> "waiting" @@
  <<1, 1>> :> "unsent" @@
  <<1, 2>> :> "unsent" )
/\ rem = (<<0, 1>> :> 0 @@ <<0, 2>> :> 0 @@ <<1, 1>> :> 0 @@ <<1, 2>> :> 0)
/\ used = ( <<0, 1>> :> "none" @@
  <<0, 2>> :> "none" @@
  <<1, 1>> :> "none" @@
  <<1, 2>> :> "none" )
/\ queue = <<>>
/\ aband = {}
/\ sent = 2

State 11: <Timeout line 121, col 5 to line 135, col 33 of module SemgateServe>
/\ hung = (<<0, 1>> :> TRUE @@ <<0, 2>> :> TRUE @@ <<1, 1>> :> FALSE @@ <<1, 2>> :> FALSE)
/\ timedOut = ( <<0, 1>> :> TRUE @@
  <<0, 2>> :> FALSE @@
  <<1, 1>> :> FALSE @@
  <<1, 2>> :> FALSE )
/\ work = (<<0, 1>> :> 3 @@ <<0, 2>> :> 3 @@ <<1, 1>> :> -1 @@ <<1, 2>> :> -1)
/\ b = 0
/\ pend = ( <<0, 1>> :> "resolved" @@
  <<0, 2>> :> "waiting" @@
  <<1, 1>> :> "unsent" @@
  <<1, 2>> :> "unsent" )
/\ rem = (<<0, 1>> :> 0 @@ <<0, 2>> :> 0 @@ <<1, 1>> :> 0 @@ <<1, 2>> :> 0)
/\ used = ( <<0, 1>> :> "ask" @@
  <<0, 2>> :> "none" @@
  <<1, 1>> :> "none" @@
  <<1, 2>> :> "none" )
/\ queue = <<>>
/\ aband = {<<0, 1>>}
/\ sent = 2

390 states generated, 213 distinct states found, 13 states left on queue.
The depth of the complete state graph search is 21.
The average outdegree of the complete state graph is 1 (minimum is 0, the maximum 3 and the 95th percentile is 2).
Finished in 00s at (2026-09-23 13:55:05)
