TLC2 Version 2.19 of 08 August 2024 (rev: 5a47802)
Running breadth-first search Model-Checking with fp 71 and seed -7512113823145849779 with 16 workers on 16 cores with 5461MB heap and 64MB offheap memory [pid: 22836] (Windows 11 10.0 amd64, Eclipse Adoptium 21.0.12.1 x86_64, MSBDiskFPSet, DiskStateQueue).
Parsing file <repo>\formal\SemgateServe.tla
Parsing file C:\WINDOWS\TEMP\Integers.tla
Parsing file C:\WINDOWS\TEMP\Sequences.tla
Parsing file C:\WINDOWS\TEMP\FiniteSets.tla
Parsing file C:\WINDOWS\TEMP\TLC.tla
Parsing file C:\WINDOWS\TEMP\Naturals.tla
Semantic processing of module Naturals
Semantic processing of module Integers
Semantic processing of module Sequences
Semantic processing of module FiniteSets
Semantic processing of module TLC
Semantic processing of module SemgateServe
Starting... (2026-09-23 15:02:58)
Implied-temporal checking--satisfiability problem has 4 branches.
Computing initial states...
Finished computing initial states: 1 distinct state generated at 2026-09-23 15:02:58.
Progress(36) at 2026-09-23 15:02:58: 1,346 states generated, 755 distinct states found, 0 states left on queue.
Checking 4 branches of temporal properties for the complete state space with 3020 total distinct states at (2026-09-23 15:02:58)
Finished checking temporal properties in 00s at 2026-09-23 15:02:58
Model checking completed. No error has been found.
  Estimates of the probability that TLC did not check all reachable states
  because two distinct states had the same fingerprint:
  calculated (optimistic):  val = 2.4E-14
1346 states generated, 755 distinct states found, 0 states left on queue.
The depth of the complete state graph search is 36.
The average outdegree of the complete state graph is 1 (minimum is 0, the maximum 3 and the 95th percentile is 2).
Finished in 01s at (2026-09-23 15:02:58)
