TLC2 Version 2.19 of 08 August 2024 (rev: 5a47802)
Running breadth-first search Model-Checking with fp 50 and seed -6579597144014456837 with 16 workers on 16 cores with 5461MB heap and 64MB offheap memory [pid: 18280] (Windows 11 10.0 amd64, Eclipse Adoptium 21.0.12.1 x86_64, MSBDiskFPSet, DiskStateQueue).
Parsing file <repo>\formal\SemgateServe.tla
Parsing file C:\WINDOWS\TEMP\Integers.tla
Parsing file C:\WINDOWS\TEMP\Sequences.tla
Parsing file C:\WINDOWS\TEMP\FiniteSets.tla
Parsing file C:\WINDOWS\TEMP\TLC.tla
Parsing file C:\WINDOWS\TEMP\Naturals.tla
Semantic processing of module Naturals
Semantic processing of module Integers
Semantic processing of module Sequences
Semantic processing of module FiniteSets
Semantic processing of module TLC
Semantic processing of module SemgateServe
Starting... (2026-09-23 15:02:55)
Implied-temporal checking--satisfiability problem has 4 branches.
Computing initial states...
Finished computing initial states: 1 distinct state generated at 2026-09-23 15:02:55.
Progress(71) at 2026-09-23 15:02:55: 2,866 states generated, 1,309 distinct states found, 0 states left on queue.
Checking 4 branches of temporal properties for the complete state space with 5236 total distinct states at (2026-09-23 15:02:55)
Finished checking temporal properties in 00s at 2026-09-23 15:02:55
Model checking completed. No error has been found.
  Estimates of the probability that TLC did not check all reachable states
  because two distinct states had the same fingerprint:
  calculated (optimistic):  val = 1.1E-13
2866 states generated, 1309 distinct states found, 0 states left on queue.
The depth of the complete state graph search is 71.
The average outdegree of the complete state graph is 1 (minimum is 0, the maximum 3 and the 95th percentile is 2).
Finished in 01s at (2026-09-23 15:02:55)
